<html>
<body>
<pre>
<h1>µVision Build Log</h1>
<h2>Tool Versions:</h2>
IDE-Version: ¦ÌVision V5.22.0.0
Copyright (C) 2016 ARM Ltd and ARM Germany GmbH. All rights reserved.
License Information: lin Microsoft, Microsoft, LIC=LSNX7-EPBS2-FW92N-YMMMD-UZXP7-WTWRY
 
Tool Versions:
Toolchain:       MDK-ARM Plus  Version: 5.22
Toolchain Path:  D:\software\keil5\ARM\ARMCC\Bin
C Compiler:      Armcc.exe V5.06 update 4 (build 422)
Assembler:       Armasm.exe V5.06 update 4 (build 422)
Linker/Locator:  ArmLink.exe V5.06 update 4 (build 422)
Library Manager: ArmAr.exe V5.06 update 4 (build 422)
Hex Converter:   FromElf.exe V5.06 update 4 (build 422)
CPU DLL:         SARMCM3.DLL V5.22
Dialog DLL:      DCM.DLL V1.13.9.0
Target DLL:      Segger\JL2CM3.dll V2.99.23.0
Dialog DLL:      TCM.DLL V1.21.0.0
 
<h2>Project:</h2>
F:\studying_useing\cjf_stm32\control_board_902\control_board_th902\control_board_project.uvprojx
Project File Date:  10/02/2019

<h2>Output:</h2>
*** Using Compiler 'V5.06 update 4 (build 422)', folder: 'D:\software\keil5\ARM\ARMCC\Bin'
Build target 'Control_Board'
compiling app1.c...
.\src\application\inc\app1.h(32): warning:  #1295-D: Deprecated declaration test_danger - give arg types
  void test_danger();
src\application\src\app1.c(667): warning:  #177-D: variable "sleep_flag"  was declared but never referenced
  	char sleep_flag=0;
src\application\src\app1.c(723): warning:  #940-D: missing return statement at end of non-void function "test_bat" 
  }
src\application\src\app1.c(810): warning:  #177-D: variable "close_beep"  was declared but never referenced
  	int   close_beep=0;
src\application\src\app1.c(811): warning:  #550-D: variable "beep_num"  was set but never used
  	int    beep_num=0;	
src\application\src\app1.c(998): warning:  #177-D: variable "light_i"  was declared but never referenced
  	char  light_i=0;
src\application\src\app1.c(999): warning:  #177-D: variable "i"  was declared but never referenced
  	int   i=0,j=50,time1=0,time2=0;
src\application\src\app1.c(999): warning:  #177-D: variable "time1"  was declared but never referenced
  	int   i=0,j=50,time1=0,time2=0;
src\application\src\app1.c(999): warning:  #177-D: variable "time2"  was declared but never referenced
  	int   i=0,j=50,time1=0,time2=0;
src\application\src\app1.c(1000): warning:  #177-D: variable "temp"  was declared but never referenced
  	float temp=0;
src\application\src\app1.c(1002): warning:  #177-D: variable "get_id"  was declared but never referenced
  	int   get_id=10;
src\application\src\app1.c(1003): warning:  #550-D: variable "led4_i"  was set but never used
  	float led1_i=0.0,led2_i=0.0,led3_i=0.0,led4_i=0.0;
src\application\src\app1.c: 12 warnings, 0 errors
linking...
Program Size: Code=36736 RO-data=2332 RW-data=1004 ZI-data=4996  
FromELF: creating hex file...
After Build - User command #1: fromelf.exe --bin -o "F:\studying_useing\cjf_stm32\control_board_902\control_board_th902\output\control_board.bin" "F:\studying_useing\cjf_stm32\control_board_902\control_board_th902\output\control_board.axf"
".\output\control_board.axf" - 0 Error(s), 12 Warning(s).

<h2>Collection of Component include folders:</h2>
  F:\studying_useing\cjf_stm32\control_board_902\control_board_th902\RTE\_Control_Board
  D:\software\keil5\ARM\PACK\Keil\STM32F1xx_DFP\2.2.0\Device\Include

<h2>Collection of Component Files used:</h2>
Build Time Elapsed:  00:00:03
</pre>
</body>
</html>
