Component: ARM Compiler 5.06 update 4 (build 422) Tool: armlink [4d35d2]

==============================================================================

Section Cross References

    startup_stm32f10x_md.o(STACK) refers (Special) to heapauxi.o(.text) for __use_two_region_memory
    startup_stm32f10x_md.o(HEAP) refers (Special) to heapauxi.o(.text) for __use_two_region_memory
    startup_stm32f10x_md.o(RESET) refers (Special) to heapauxi.o(.text) for __use_two_region_memory
    startup_stm32f10x_md.o(RESET) refers to startup_stm32f10x_md.o(STACK) for __initial_sp
    startup_stm32f10x_md.o(RESET) refers to startup_stm32f10x_md.o(.text) for Reset_Handler
    startup_stm32f10x_md.o(RESET) refers to stm32f10x_it.o(i.NMI_Handler) for NMI_Handler
    startup_stm32f10x_md.o(RESET) refers to stm32f10x_it.o(i.HardFault_Handler) for HardFault_Handler
    startup_stm32f10x_md.o(RESET) refers to stm32f10x_it.o(i.MemManage_Handler) for MemManage_Handler
    startup_stm32f10x_md.o(RESET) refers to stm32f10x_it.o(i.BusFault_Handler) for BusFault_Handler
    startup_stm32f10x_md.o(RESET) refers to stm32f10x_it.o(i.UsageFault_Handler) for UsageFault_Handler
    startup_stm32f10x_md.o(RESET) refers to stm32f10x_it.o(i.SVC_Handler) for SVC_Handler
    startup_stm32f10x_md.o(RESET) refers to stm32f10x_it.o(i.DebugMon_Handler) for DebugMon_Handler
    startup_stm32f10x_md.o(RESET) refers to stm32f10x_it.o(i.PendSV_Handler) for PendSV_Handler
    startup_stm32f10x_md.o(RESET) refers to stm32f10x_it.o(i.SysTick_Handler) for SysTick_Handler
    startup_stm32f10x_md.o(RESET) refers to stm32f10x_it.o(i.EXTI9_5_IRQHandler) for EXTI9_5_IRQHandler
    startup_stm32f10x_md.o(RESET) refers to stm32f10x_it.o(i.TIM1_UP_IRQHandler) for TIM1_UP_IRQHandler
    startup_stm32f10x_md.o(RESET) refers to stm32f10x_it.o(i.TIM2_IRQHandler) for TIM2_IRQHandler
    startup_stm32f10x_md.o(RESET) refers to stm32f10x_it.o(i.TIM3_IRQHandler) for TIM3_IRQHandler
    startup_stm32f10x_md.o(RESET) refers to stm32f10x_it.o(i.TIM4_IRQHandler) for TIM4_IRQHandler
    startup_stm32f10x_md.o(RESET) refers to usart.o(i.USART2_IRQHandler) for USART2_IRQHandler
    startup_stm32f10x_md.o(.text) refers (Special) to heapauxi.o(.text) for __use_two_region_memory
    startup_stm32f10x_md.o(.text) refers to system_stm32f10x.o(i.SystemInit) for SystemInit
    startup_stm32f10x_md.o(.text) refers to __main.o(!!!main) for __main
    startup_stm32f10x_md.o(.text) refers to startup_stm32f10x_md.o(HEAP) for Heap_Mem
    startup_stm32f10x_md.o(.text) refers to startup_stm32f10x_md.o(STACK) for Stack_Mem
    system_stm32f10x.o(i.SetSysClock) refers to system_stm32f10x.o(i.SetSysClockTo72) for SetSysClockTo72
    system_stm32f10x.o(i.SystemCoreClockUpdate) refers to system_stm32f10x.o(.data) for SystemCoreClock
    system_stm32f10x.o(i.SystemInit) refers to system_stm32f10x.o(i.SetSysClock) for SetSysClock
    stm32f10x_adc.o(i.ADC_DeInit) refers to stm32f10x_rcc.o(i.RCC_APB2PeriphResetCmd) for RCC_APB2PeriphResetCmd
    stm32f10x_bkp.o(i.BKP_DeInit) refers to stm32f10x_rcc.o(i.RCC_BackupResetCmd) for RCC_BackupResetCmd
    stm32f10x_can.o(i.CAN_DeInit) refers to stm32f10x_rcc.o(i.RCC_APB1PeriphResetCmd) for RCC_APB1PeriphResetCmd
    stm32f10x_can.o(i.CAN_GetITStatus) refers to stm32f10x_can.o(i.CheckITStatus) for CheckITStatus
    stm32f10x_cec.o(i.CEC_DeInit) refers to stm32f10x_rcc.o(i.RCC_APB1PeriphResetCmd) for RCC_APB1PeriphResetCmd
    stm32f10x_dac.o(i.DAC_DeInit) refers to stm32f10x_rcc.o(i.RCC_APB1PeriphResetCmd) for RCC_APB1PeriphResetCmd
    stm32f10x_flash.o(i.FLASH_EnableWriteProtection) refers to stm32f10x_flash.o(i.FLASH_WaitForLastOperation) for FLASH_WaitForLastOperation
    stm32f10x_flash.o(i.FLASH_EraseAllBank1Pages) refers to stm32f10x_flash.o(i.FLASH_WaitForLastBank1Operation) for FLASH_WaitForLastBank1Operation
    stm32f10x_flash.o(i.FLASH_EraseAllPages) refers to stm32f10x_flash.o(i.FLASH_WaitForLastOperation) for FLASH_WaitForLastOperation
    stm32f10x_flash.o(i.FLASH_EraseOptionBytes) refers to stm32f10x_flash.o(i.FLASH_GetReadOutProtectionStatus) for FLASH_GetReadOutProtectionStatus
    stm32f10x_flash.o(i.FLASH_EraseOptionBytes) refers to stm32f10x_flash.o(i.FLASH_WaitForLastOperation) for FLASH_WaitForLastOperation
    stm32f10x_flash.o(i.FLASH_ErasePage) refers to stm32f10x_flash.o(i.FLASH_WaitForLastOperation) for FLASH_WaitForLastOperation
    stm32f10x_flash.o(i.FLASH_ProgramHalfWord) refers to stm32f10x_flash.o(i.FLASH_WaitForLastOperation) for FLASH_WaitForLastOperation
    stm32f10x_flash.o(i.FLASH_ProgramOptionByteData) refers to stm32f10x_flash.o(i.FLASH_WaitForLastOperation) for FLASH_WaitForLastOperation
    stm32f10x_flash.o(i.FLASH_ProgramWord) refers to stm32f10x_flash.o(i.FLASH_WaitForLastOperation) for FLASH_WaitForLastOperation
    stm32f10x_flash.o(i.FLASH_ReadOutProtection) refers to stm32f10x_flash.o(i.FLASH_WaitForLastOperation) for FLASH_WaitForLastOperation
[...]
    __ARM_exceptions_init                     - Undefined Weak Reference
    __alloca_initialize                       - Undefined Weak Reference
    __arm_preinit_                            - Undefined Weak Reference
    __cpp_initialize__aeabi_                  - Undefined Weak Reference
    __cxa_finalize                            - Undefined Weak Reference
    __sigvec_lookup                           - Undefined Weak Reference
    _atexit_init                              - Undefined Weak Reference
    _call_atexit_fns                          - Undefined Weak Reference
    _clock_init                               - Undefined Weak Reference
    _fp_trap_init                             - Undefined Weak Reference
    _fp_trap_shutdown                         - Undefined Weak Reference
    _get_lc_collate                           - Undefined Weak Reference
    _get_lc_ctype                             - Undefined Weak Reference
    _get_lc_monetary                          - Undefined Weak Reference
    _get_lc_time                              - Undefined Weak Reference
    _getenv_init                              - Undefined Weak Reference
    _handle_redirection                       - Undefined Weak Reference
    _init_alloc                               - Undefined Weak Reference
    _init_user_alloc                          - Undefined Weak Reference
    _initio                                   - Undefined Weak Reference
    _mutex_acquire                            - Undefined Weak Reference
    _mutex_release                            - Undefined Weak Reference
    _printf_mbtowc                            - Undefined Weak Reference
    _printf_post_padding                      - Undefined Weak Reference
    _printf_pre_padding                       - Undefined Weak Reference
    _printf_truncate_signed                   - Undefined Weak Reference
    _printf_truncate_unsigned                 - Undefined Weak Reference
    _rand_init                                - Undefined Weak Reference
    _signal_finish                            - Undefined Weak Reference
    _signal_init                              - Undefined Weak Reference
    _terminate_alloc                          - Undefined Weak Reference
    _terminate_user_alloc                     - Undefined Weak Reference
    _terminateio                              - Undefined Weak Reference
    __Vectors_Size                           0x000000ec   Number         0  startup_stm32f10x_md.o ABSOLUTE
    __Vectors                                0x08000000   Data           4  startup_stm32f10x_md.o(RESET)
    __Vectors_End                            0x080000ec   Data           0  startup_stm32f10x_md.o(RESET)
    __main                                   0x080000ed   Thumb Code     8  __main.o(!!!main)
    __scatterload                            0x080000f5   Thumb Code     0  __scatter.o(!!!scatter)
    __scatterload_rt2                        0x080000f5   Thumb Code    44  __scatter.o(!!!scatter)
    __scatterload_rt2_thumb_only             0x080000f5   Thumb Code     0  __scatter.o(!!!scatter)
    __scatterload_null                       0x08000103   Thumb Code     0  __scatter.o(!!!scatter)
    __decompress                             0x08000129   Thumb Code    90  __dczerorl2.o(!!dczerorl2)
    __decompress1                            0x08000129   Thumb Code     0  __dczerorl2.o(!!dczerorl2)
    __scatterload_zeroinit                   0x08000185   Thumb Code    28  __scatter_zi.o(!!handler_zi)
    _printf_f                                0x080001a1   Thumb Code     0  _printf_f.o(.ARM.Collect$$_printf_percent$$00000003)
    _printf_percent                          0x080001a1   Thumb Code     0  _printf_percent.o(.ARM.Collect$$_printf_percent$$00000000)
    _printf_d                                0x080001a7   Thumb Code     0  _printf_d.o(.ARM.Collect$$_printf_percent$$00000009)
    _printf_c                                0x080001ad   Thumb Code     0  _printf_c.o(.ARM.Collect$$_printf_percent$$00000013)
    _printf_s                                0x080001b3   Thumb Code     0  _printf_s.o(.ARM.Collect$$_printf_percent$$00000014)
    _printf_percent_end                      0x080001b9   Thumb Code     0  _printf_percent_end.o(.ARM.Collect$$_printf_percent$$00000017)
    __rt_lib_init                            0x080001bd   Thumb Code     0  libinit.o(.ARM.Collect$$libinit$$00000000)
    __rt_lib_init_fp_1                       0x080001bf   Thumb Code     0  libinit2.o(.ARM.Collect$$libinit$$00000002)
    __rt_lib_init_heap_1                     0x080001bf   Thumb Code     0  libinit2.o(.ARM.Collect$$libinit$$0000000A)
    __rt_lib_init_lc_common                  0x080001bf   Thumb Code     0  libinit2.o(.ARM.Collect$$libinit$$0000000F)
    __rt_lib_init_preinit_1                  0x080001bf   Thumb Code     0  libinit2.o(.ARM.Collect$$libinit$$00000004)
    __rt_lib_init_rand_1                     0x080001bf   Thumb Code     0  libinit2.o(.ARM.Collect$$libinit$$0000000E)
    __rt_lib_init_user_alloc_1               0x080001bf   Thumb Code     0  libinit2.o(.ARM.Collect$$libinit$$0000000C)
    __rt_lib_init_lc_collate_1               0x080001c5   Thumb Code     0  libinit2.o(.ARM.Collect$$libinit$$00000011)
    __rt_lib_init_lc_ctype_1                 0x080001c5   Thumb Code     0  libinit2.o(.ARM.Collect$$libinit$$00000013)
    __rt_lib_init_lc_monetary_1              0x080001c5   Thumb Code     0  libinit2.o(.ARM.Collect$$libinit$$00000015)
    __rt_lib_init_lc_numeric_2               0x080001c5   Thumb Code     0  libinit2.o(.ARM.Collect$$libinit$$00000016)
    __rt_lib_init_alloca_1                   0x080001cf   Thumb Code     0  libinit2.o(.ARM.Collect$$libinit$$0000002E)
    __rt_lib_init_argv_1                     0x080001cf   Thumb Code     0  libinit2.o(.ARM.Collect$$libinit$$0000002C)
    __rt_lib_init_atexit_1                   0x080001cf   Thumb Code     0  libinit2.o(.ARM.Collect$$libinit$$0000001B)
    __rt_lib_init_clock_1                    0x080001cf   Thumb Code     0  libinit2.o(.ARM.Collect$$libinit$$00000021)
    __rt_lib_init_cpp_1                      0x080001cf   Thumb Code     0  libinit2.o(.ARM.Collect$$libinit$$00000032)
    __rt_lib_init_exceptions_1               0x080001cf   Thumb Code     0  libinit2.o(.ARM.Collect$$libinit$$00000030)
    __rt_lib_init_fp_trap_1                  0x080001cf   Thumb Code     0  libinit2.o(.ARM.Collect$$libinit$$0000001F)
    __rt_lib_init_getenv_1                   0x080001cf   Thumb Code     0  libinit2.o(.ARM.Collect$$libinit$$00000023)
    __rt_lib_init_lc_numeric_1               0x080001cf   Thumb Code     0  libinit2.o(.ARM.Collect$$libinit$$00000017)
    __rt_lib_init_lc_time_1                  0x080001cf   Thumb Code     0  libinit2.o(.ARM.Collect$$libinit$$00000019)
    __rt_lib_init_return                     0x080001cf   Thumb Code     0  libinit2.o(.ARM.Collect$$libinit$$00000033)
    __rt_lib_init_signal_1                   0x080001cf   Thumb Code     0  libinit2.o(.ARM.Collect$$libinit$$0000001D)
    __rt_lib_init_stdio_1                    0x080001cf   Thumb Code     0  libinit2.o(.ARM.Collect$$libinit$$00000025)
    __rt_lib_shutdown                        0x080001d1   Thumb Code     0  libshutdown.o(.ARM.Collect$$libshutdown$$00000000)
    __rt_lib_shutdown_cpp_1                  0x080001d3   Thumb Code     0  libshutdown2.o(.ARM.Collect$$libshutdown$$00000002)
    __rt_lib_shutdown_fp_trap_1              0x080001d3   Thumb Code     0  libshutdown2.o(.ARM.Collect$$libshutdown$$00000007)
    __rt_lib_shutdown_heap_1                 0x080001d3   Thumb Code     0  libshutdown2.o(.ARM.Collect$$libshutdown$$0000000F)
    __rt_lib_shutdown_return                 0x080001d3   Thumb Code     0  libshutdown2.o(.ARM.Collect$$libshutdown$$00000010)
    __rt_lib_shutdown_signal_1               0x080001d3   Thumb Code     0  libshutdown2.o(.ARM.Collect$$libshutdown$$0000000A)
    __rt_lib_shutdown_stdio_1                0x080001d3   Thumb Code     0  libshutdown2.o(.ARM.Collect$$libshutdown$$00000004)
    __rt_lib_shutdown_user_alloc_1           0x080001d3   Thumb Code     0  libshutdown2.o(.ARM.Collect$$libshutdown$$0000000C)
    __rt_entry                               0x080001d5   Thumb Code     0  __rtentry.o(.ARM.Collect$$rtentry$$00000000)
    __rt_entry_presh_1                       0x080001d5   Thumb Code     0  __rtentry2.o(.ARM.Collect$$rtentry$$00000002)
    __rt_entry_sh                            0x080001d5   Thumb Code     0  __rtentry4.o(.ARM.Collect$$rtentry$$00000004)
    __rt_entry_li                            0x080001db   Thumb Code     0  __rtentry2.o(.ARM.Collect$$rtentry$$0000000A)
    __rt_entry_postsh_1                      0x080001db   Thumb Code     0  __rtentry2.o(.ARM.Collect$$rtentry$$00000009)
    __rt_entry_main                          0x080001df   Thumb Code     0  __rtentry2.o(.ARM.Collect$$rtentry$$0000000D)
    __rt_entry_postli_1                      0x080001df   Thumb Code     0  __rtentry2.o(.ARM.Collect$$rtentry$$0000000C)
    __rt_exit                                0x080001e7   Thumb Code     0  rtexit.o(.ARM.Collect$$rtexit$$00000000)
    __rt_exit_ls                             0x080001e9   Thumb Code     0  rtexit2.o(.ARM.Collect$$rtexit$$00000003)
    __rt_exit_prels_1                        0x080001e9   Thumb Code     0  rtexit2.o(.ARM.Collect$$rtexit$$00000002)
    __rt_exit_exit                           0x080001ed   Thumb Code     0  rtexit2.o(.ARM.Collect$$rtexit$$00000004)
    Reset_Handler                            0x080001f5   Thumb Code     8  startup_stm32f10x_md.o(.text)
    ADC1_2_IRQHandler                        0x0800020f   Thumb Code     0  startup_stm32f10x_md.o(.text)
    CAN1_RX1_IRQHandler                      0x0800020f   Thumb Code     0  startup_stm32f10x_md.o(.text)
    CAN1_SCE_IRQHandler                      0x0800020f   Thumb Code     0  startup_stm32f10x_md.o(.text)
    DMA1_Channel1_IRQHandler                 0x0800020f   Thumb Code     0  startup_stm32f10x_md.o(.text)
    DMA1_Channel2_IRQHandler                 0x0800020f   Thumb Code     0  startup_stm32f10x_md.o(.text)
    DMA1_Channel3_IRQHandler                 0x0800020f   Thumb Code     0  startup_stm32f10x_md.o(.text)
    DMA1_Channel4_IRQHandler                 0x0800020f   Thumb Code     0  startup_stm32f10x_md.o(.text)
    DMA1_Channel5_IRQHandler                 0x0800020f   Thumb Code     0  startup_stm32f10x_md.o(.text)
    DMA1_Channel6_IRQHandler                 0x0800020f   Thumb Code     0  startup_stm32f10x_md.o(.text)
    DMA1_Channel7_IRQHandler                 0x0800020f   Thumb Code     0  startup_stm32f10x_md.o(.text)
    EXTI0_IRQHandler                         0x0800020f   Thumb Code     0  startup_stm32f10x_md.o(.text)
    EXTI15_10_IRQHandler                     0x0800020f   Thumb Code     0  startup_stm32f10x_md.o(.text)
    EXTI1_IRQHandler                         0x0800020f   Thumb Code     0  startup_stm32f10x_md.o(.text)
    EXTI2_IRQHandler                         0x0800020f   Thumb Code     0  startup_stm32f10x_md.o(.text)
    EXTI3_IRQHandler                         0x0800020f   Thumb Code     0  startup_stm32f10x_md.o(.text)
    EXTI4_IRQHandler                         0x0800020f   Thumb Code     0  startup_stm32f10x_md.o(.text)
    FLASH_IRQHandler                         0x0800020f   Thumb Code     0  startup_stm32f10x_md.o(.text)
    I2C1_ER_IRQHandler                       0x0800020f   Thumb Code     0  startup_stm32f10x_md.o(.text)
    I2C1_EV_IRQHandler                       0x0800020f   Thumb Code     0  startup_stm32f10x_md.o(.text)
    I2C2_ER_IRQHandler                       0x0800020f   Thumb Code     0  startup_stm32f10x_md.o(.text)
    I2C2_EV_IRQHandler                       0x0800020f   Thumb Code     0  startup_stm32f10x_md.o(.text)
    PVD_IRQHandler                           0x0800020f   Thumb Code     0  startup_stm32f10x_md.o(.text)
    RCC_IRQHandler                           0x0800020f   Thumb Code     0  startup_stm32f10x_md.o(.text)
    RTCAlarm_IRQHandler                      0x0800020f   Thumb Code     0  startup_stm32f10x_md.o(.text)
    RTC_IRQHandler                           0x0800020f   Thumb Code     0  startup_stm32f10x_md.o(.text)
    SPI1_IRQHandler                          0x0800020f   Thumb Code     0  startup_stm32f10x_md.o(.text)
    SPI2_IRQHandler                          0x0800020f   Thumb Code     0  startup_stm32f10x_md.o(.text)
    TAMPER_IRQHandler                        0x0800020f   Thumb Code     0  startup_stm32f10x_md.o(.text)
    TIM1_BRK_IRQHandler                      0x0800020f   Thumb Code     0  startup_stm32f10x_md.o(.text)
    TIM1_CC_IRQHandler                       0x0800020f   Thumb Code     0  startup_stm32f10x_md.o(.text)
    TIM1_TRG_COM_IRQHandler                  0x0800020f   Thumb Code     0  startup_stm32f10x_md.o(.text)
    USART1_IRQHandler                        0x0800020f   Thumb Code     0  startup_stm32f10x_md.o(.text)
    USART3_IRQHandler                        0x0800020f   Thumb Code     0  startup_stm32f10x_md.o(.text)
    USBWakeUp_IRQHandler                     0x0800020f   Thumb Code     0  startup_stm32f10x_md.o(.text)
    USB_HP_CAN1_TX_IRQHandler                0x0800020f   Thumb Code     0  startup_stm32f10x_md.o(.text)
    USB_LP_CAN1_RX0_IRQHandler               0x0800020f   Thumb Code     0  startup_stm32f10x_md.o(.text)
    WWDG_IRQHandler                          0x0800020f   Thumb Code     0  startup_stm32f10x_md.o(.text)
    __user_initial_stackheap                 0x08000211   Thumb Code     0  startup_stm32f10x_md.o(.text)
    __use_no_semihosting                     0x08000235   Thumb Code     2  use_no_semi_2.o(.text)
    __2printf                                0x08000239   Thumb Code    20  noretval__2printf.o(.text)
    __printf                                 0x08000251   Thumb Code   104  __printf.o(.text)
    _printf_str                              0x080002b9   Thumb Code    82  _printf_str.o(.text)
    _printf_int_dec                          0x0800030d   Thumb Code   104  _printf_dec.o(.text)
    strlen                                   0x08000385   Thumb Code    62  strlen.o(.text)
    __aeabi_memcpy                           0x080003c3   Thumb Code     0  rt_memcpy_v6.o(.text)
    __rt_memcpy                              0x080003c3   Thumb Code   138  rt_memcpy_v6.o(.text)
    _memcpy_lastbytes                        0x08000429   Thumb Code     0  rt_memcpy_v6.o(.text)
    __aeabi_memclr                           0x0800044d   Thumb Code     0  rt_memclr.o(.text)
    __rt_memclr                              0x0800044d   Thumb Code    68  rt_memclr.o(.text)
    _memset                                  0x08000451   Thumb Code     0  rt_memclr.o(.text)
    __aeabi_memclr4                          0x08000491   Thumb Code     0  rt_memclr_w.o(.text)
    __aeabi_memclr8                          0x08000491   Thumb Code     0  rt_memclr_w.o(.text)
    __rt_memclr_w                            0x08000491   Thumb Code    78  rt_memclr_w.o(.text)
    _memset_w                                0x08000495   Thumb Code     0  rt_memclr_w.o(.text)
    strcmp                                   0x080004e1   Thumb Code   128  strcmpv7m.o(.text)
    __use_two_region_memory                  0x08000561   Thumb Code     2  heapauxi.o(.text)
    __rt_heap_escrow$2region                 0x08000563   Thumb Code     2  heapauxi.o(.text)
    __rt_heap_expand$2region                 0x08000565   Thumb Code     2  heapauxi.o(.text)
    __I$use$semihosting                      0x08000567   Thumb Code     0  use_no_semi.o(.text)
    __use_no_semihosting_swi                 0x08000567   Thumb Code     2  use_no_semi.o(.text)
    _printf_int_common                       0x08000569   Thumb Code   178  _printf_intcommon.o(.text)
    __lib_sel_fp_printf                      0x0800061b   Thumb Code     2  _printf_fp_dec.o(.text)
    _printf_fp_dec_real                      0x080007c9   Thumb Code   620  _printf_fp_dec.o(.text)
    _printf_cs_common                        0x08000a35   Thumb Code    20  _printf_char.o(.text)
    _printf_char                             0x08000a49   Thumb Code    16  _printf_char.o(.text)
    _printf_string                           0x08000a59   Thumb Code     8  _printf_char.o(.text)
    _printf_char_file                        0x08000a61   Thumb Code    32  _printf_char_file.o(.text)
    __aeabi_memcpy4                          0x08000a85   Thumb Code     0  rt_memcpy_w.o(.text)
    __aeabi_memcpy8                          0x08000a85   Thumb Code     0  rt_memcpy_w.o(.text)
    __rt_memcpy_w                            0x08000a85   Thumb Code   100  rt_memcpy_w.o(.text)
    _memcpy_lastbytes_aligned                0x08000acd   Thumb Code     0  rt_memcpy_w.o(.text)
    __rt_locale                              0x08000ae9   Thumb Code     8  rt_locale_intlibspace.o(.text)
    _ll_udiv10                               0x08000af1   Thumb Code   138  lludiv10.o(.text)
    _printf_char_common                      0x08000b87   Thumb Code    32  _printf_char_common.o(.text)
    _printf_fp_infnan                        0x08000bad   Thumb Code   112  _printf_fp_infnan.o(.text)
    _btod_etento                             0x08000c2d   Thumb Code   216  bigflt0.o(.text)
    ferror                                   0x08000d09   Thumb Code     8  ferror.o(.text)
    __user_libspace                          0x08000d11   Thumb Code     8  libspace.o(.text)
    __user_perproc_libspace                  0x08000d11   Thumb Code     0  libspace.o(.text)
    __user_perthread_libspace                0x08000d11   Thumb Code     0  libspace.o(.text)
    __user_setup_stackheap                   0x08000d19   Thumb Code    74  sys_stackheap_outer.o(.text)
    exit                                     0x08000d63   Thumb Code    18  exit.o(.text)
    _btod_d2e                                0x08000d75   Thumb Code    62  btod.o(CL$$btod_d2e)
    _d2e_denorm_low                          0x08000db3   Thumb Code    70  btod.o(CL$$btod_d2e_denorm_low)
    _d2e_norm_op1                            0x08000df9   Thumb Code    96  btod.o(CL$$btod_d2e_norm_op1)
    __btod_div_common                        0x08000e59   Thumb Code   696  btod.o(CL$$btod_div_common)
    _e2e                                     0x08001191   Thumb Code   198  btod.o(CL$$btod_e2e)
    _btod_ediv                               0x08001257   Thumb Code    40  btod.o(CL$$btod_ediv)
    _btod_emul                               0x0800127f   Thumb Code    40  btod.o(CL$$btod_emul)
    __btod_mult_common                       0x080012a7   Thumb Code   580  btod.o(CL$$btod_mult_common)
    ADC_Cmd                                  0x080014eb   Thumb Code    22  stm32f10x_adc.o(i.ADC_Cmd)
    ADC_DeInit                               0x08001501   Thumb Code    78  stm32f10x_adc.o(i.ADC_DeInit)
    ADC_GetCalibrationStatus                 0x0800155d   Thumb Code    20  stm32f10x_adc.o(i.ADC_GetCalibrationStatus)
    ADC_GetConversionValue                   0x08001571   Thumb Code     8  stm32f10x_adc.o(i.ADC_GetConversionValue)
    ADC_GetFlagStatus                        0x08001579   Thumb Code    18  stm32f10x_adc.o(i.ADC_GetFlagStatus)
    ADC_GetResetCalibrationStatus            0x0800158b   Thumb Code    20  stm32f10x_adc.o(i.ADC_GetResetCalibrationStatus)
    ADC_Init                                 0x080015a1   Thumb Code    70  stm32f10x_adc.o(i.ADC_Init)
    ADC_RegularChannelConfig                 0x080015f1   Thumb Code   184  stm32f10x_adc.o(i.ADC_RegularChannelConfig)
    ADC_ResetCalibration                     0x080016a9   Thumb Code    10  stm32f10x_adc.o(i.ADC_ResetCalibration)
    ADC_SoftwareStartConvCmd                 0x080016b3   Thumb Code    22  stm32f10x_adc.o(i.ADC_SoftwareStartConvCmd)
    ADC_StartCalibration                     0x080016c9   Thumb Code    10  stm32f10x_adc.o(i.ADC_StartCalibration)
    A_to_B                                   0x080016d3   Thumb Code    70  app1.o(i.A_to_B)
    Adc_Init                                 0x08001719   Thumb Code   212  adc.o(i.Adc_Init)
    BusFault_Handler                         0x080017fd   Thumb Code     4  stm32f10x_it.o(i.BusFault_Handler)
    DebugMon_Handler                         0x08001801   Thumb Code     2  stm32f10x_it.o(i.DebugMon_Handler)
    EXTI9_5_IRQHandler                       0x08001805   Thumb Code   148  stm32f10x_it.o(i.EXTI9_5_IRQHandler)
    EXTI_ClearITPendingBit                   0x080018a9   Thumb Code     6  stm32f10x_exti.o(i.EXTI_ClearITPendingBit)
    EXTI_GetITStatus                         0x080018b5   Thumb Code    34  stm32f10x_exti.o(i.EXTI_GetITStatus)
    EXTI_Init                                0x080018dd   Thumb Code   142  stm32f10x_exti.o(i.EXTI_Init)
    FLASH_ClearFlag                          0x08001971   Thumb Code     6  stm32f10x_flash.o(i.FLASH_ClearFlag)
    FLASH_ErasePage                          0x0800197d   Thumb Code    72  stm32f10x_flash.o(i.FLASH_ErasePage)
    FLASH_GetBank1Status                     0x080019c9   Thumb Code    48  stm32f10x_flash.o(i.FLASH_GetBank1Status)
    FLASH_Lock                               0x080019fd   Thumb Code    14  stm32f10x_flash.o(i.FLASH_Lock)
    FLASH_ProgramHalfWord                    0x08001a11   Thumb Code    60  stm32f10x_flash.o(i.FLASH_ProgramHalfWord)
    FLASH_Unlock                             0x08001a51   Thumb Code    12  stm32f10x_flash.o(i.FLASH_Unlock)
    FLASH_WaitForLastOperation               0x08001a69   Thumb Code    38  stm32f10x_flash.o(i.FLASH_WaitForLastOperation)
    GPIO_EXTILineConfig                      0x08001a91   Thumb Code    60  stm32f10x_gpio.o(i.GPIO_EXTILineConfig)
    GPIO_Init                                0x08001ad1   Thumb Code   278  stm32f10x_gpio.o(i.GPIO_Init)
    GPIO_PinRemapConfig                      0x08001be9   Thumb Code   138  stm32f10x_gpio.o(i.GPIO_PinRemapConfig)
    GPIO_ResetBits                           0x08001c79   Thumb Code     4  stm32f10x_gpio.o(i.GPIO_ResetBits)
    GPIO_SetBits                             0x08001c7d   Thumb Code     4  stm32f10x_gpio.o(i.GPIO_SetBits)
    Get_Adc                                  0x08001c81   Thumb Code    46  adc.o(i.Get_Adc)
    Get_Adc2                                 0x08001cb5   Thumb Code    46  adc.o(i.Get_Adc2)
    Get_Adc_Average2                         0x08001ce9   Thumb Code    70  adc.o(i.Get_Adc_Average2)
    Get_Adc_Average3                         0x08001d2f   Thumb Code    70  adc.o(i.Get_Adc_Average3)
    HardFault_Handler                        0x08001d75   Thumb Code     4  stm32f10x_it.o(i.HardFault_Handler)
    MemManage_Handler                        0x08001d79   Thumb Code     4  stm32f10x_it.o(i.MemManage_Handler)
    NMI_Handler                              0x08001d7d   Thumb Code     2  stm32f10x_it.o(i.NMI_Handler)
    NVIC_Init                                0x08001d81   Thumb Code   100  misc.o(i.NVIC_Init)
    NVIC_PriorityGroupConfig                 0x08001df1   Thumb Code    10  misc.o(i.NVIC_PriorityGroupConfig)
    PendSV_Handler                           0x08001e29   Thumb Code     2  stm32f10x_it.o(i.PendSV_Handler)
    RCC_ADCCLKConfig                         0x08001e2d   Thumb Code    18  stm32f10x_rcc.o(i.RCC_ADCCLKConfig)
    RCC_APB1PeriphClockCmd                   0x08001e45   Thumb Code    26  stm32f10x_rcc.o(i.RCC_APB1PeriphClockCmd)
    RCC_APB1PeriphResetCmd                   0x08001e65   Thumb Code    26  stm32f10x_rcc.o(i.RCC_APB1PeriphResetCmd)
    RCC_APB2PeriphClockCmd                   0x08001e85   Thumb Code    26  stm32f10x_rcc.o(i.RCC_APB2PeriphClockCmd)
    RCC_APB2PeriphResetCmd                   0x08001ea5   Thumb Code    26  stm32f10x_rcc.o(i.RCC_APB2PeriphResetCmd)
    RCC_GetClocksFreq                        0x08001ec5   Thumb Code   192  stm32f10x_rcc.o(i.RCC_GetClocksFreq)
    SVC_Handler                              0x08001f99   Thumb Code     2  stm32f10x_it.o(i.SVC_Handler)
    SysTick_CLKSourceConfig                  0x08002085   Thumb Code    40  misc.o(i.SysTick_CLKSourceConfig)
    SysTick_Handler                          0x080020ad   Thumb Code     2  stm32f10x_it.o(i.SysTick_Handler)
    SystemInit                               0x080020b1   Thumb Code    78  system_stm32f10x.o(i.SystemInit)
    TIM1_Int_Init                            0x08002111   Thumb Code   104  timer.o(i.TIM1_Int_Init)
    TIM1_UP_IRQHandler                       0x0800217d   Thumb Code   114  stm32f10x_it.o(i.TIM1_UP_IRQHandler)
    TIM2_IRQHandler                          0x08002205   Thumb Code    84  stm32f10x_it.o(i.TIM2_IRQHandler)
    TIM2_Int_Init                            0x08002269   Thumb Code    94  timer.o(i.TIM2_Int_Init)
    TIM3_IRQHandler                          0x080022c9   Thumb Code    54  stm32f10x_it.o(i.TIM3_IRQHandler)
    TIM3_Int_Init                            0x0800230d   Thumb Code    90  timer.o(i.TIM3_Int_Init)
    TIM4_IRQHandler                          0x0800236d   Thumb Code    54  stm32f10x_it.o(i.TIM4_IRQHandler)
    TIM4_Int_Init                            0x080023b1   Thumb Code    90  timer.o(i.TIM4_Int_Init)
    TIM_ClearFlag                            0x08002411   Thumb Code     6  stm32f10x_tim.o(i.TIM_ClearFlag)
    TIM_ClearITPendingBit                    0x08002417   Thumb Code     6  stm32f10x_tim.o(i.TIM_ClearITPendingBit)
    TIM_Cmd                                  0x0800241d   Thumb Code    24  stm32f10x_tim.o(i.TIM_Cmd)
    TIM_DeInit                               0x08002435   Thumb Code   424  stm32f10x_tim.o(i.TIM_DeInit)
    TIM_GetITStatus                          0x0800261d   Thumb Code    34  stm32f10x_tim.o(i.TIM_GetITStatus)
    TIM_ITConfig                             0x0800263f   Thumb Code    18  stm32f10x_tim.o(i.TIM_ITConfig)
    TIM_TimeBaseInit                         0x08002651   Thumb Code   122  stm32f10x_tim.o(i.TIM_TimeBaseInit)
    USART1_REC_DATA                          0x080026f5   Thumb Code    24  command.o(i.USART1_REC_DATA)
    USART2_IRQHandler                        0x08002715   Thumb Code   220  usart.o(i.USART2_IRQHandler)
    USART_ClearITPendingBit                  0x0800280d   Thumb Code    30  stm32f10x_usart.o(i.USART_ClearITPendingBit)
    USART_Cmd                                0x0800282b   Thumb Code    24  stm32f10x_usart.o(i.USART_Cmd)
    USART_GetFlagStatus                      0x08002843   Thumb Code    26  stm32f10x_usart.o(i.USART_GetFlagStatus)
    USART_GetITStatus                        0x0800285d   Thumb Code    84  stm32f10x_usart.o(i.USART_GetITStatus)
    USART_ITConfig                           0x080028b1   Thumb Code    74  stm32f10x_usart.o(i.USART_ITConfig)
    USART_Init                               0x080028fd   Thumb Code   210  stm32f10x_usart.o(i.USART_Init)
    USART_ReceiveData                        0x080029d5   Thumb Code    10  stm32f10x_usart.o(i.USART_ReceiveData)
    USART_SendData                           0x080029df   Thumb Code     8  stm32f10x_usart.o(i.USART_SendData)
    UsageFault_Handler                       0x080029e7   Thumb Code     4  stm32f10x_it.o(i.UsageFault_Handler)
    Usart_SendString                         0x080029eb   Thumb Code    62  stm32f10x_usart.o(i.Usart_SendString)
    __ARM_fpclassify                         0x08002a29   Thumb Code    40  fpclassify.o(i.__ARM_fpclassify)
    _sys_exit                                0x08002a57   Thumb Code     4  usart.o(i._sys_exit)
    a_A                                      0x08002a5b   Thumb Code    46  main.o(i.a_A)
    adc_i_value1                             0x08002a89   Thumb Code    28  adc.o(i.adc_i_value1)
    adc_value                                0x08002aa9   Thumb Code    24  adc.o(i.adc_value)
    aly_time                                 0x08002ac1   Thumb Code   468  main.o(i.aly_time)
    array_sort                               0x08002cd1   Thumb Code    92  app1.o(i.array_sort)
    base_i                                   0x08002d2d   Thumb Code    36  app1.o(i.base_i)
    beep_test                                0x08002d59   Thumb Code   826  app1.o(i.beep_test)
    check_5v                                 0x08003155   Thumb Code    76  command.o(i.check_5v)
    check_b_vbat                             0x080031c1   Thumb Code    76  command.o(i.check_b_vbat)
    check_uart_data                          0x0800322d   Thumb Code    52  command.o(i.check_uart_data)
    check_v33                                0x0800326d   Thumb Code    82  command.o(i.check_v33)
    check_vbat                               0x080032e1   Thumb Code    76  command.o(i.check_vbat)
    check_vdd                                0x0800334d   Thumb Code    76  command.o(i.check_vdd)
    clean_command_line                       0x080033b9   Thumb Code    24  command.o(i.clean_command_line)
    clean_cursor_word                        0x080033d5   Thumb Code    36  command.o(i.clean_cursor_word)
    close_all_led                            0x08003409   Thumb Code    18  led.o(i.close_all_led)
    compar_str                               0x08003429   Thumb Code   116  app1.o(i.compar_str)
    compar_str_led                           0x080034a1   Thumb Code   116  app1.o(i.compar_str_led)
    copy_new_command_line                    0x08003519   Thumb Code    44  command.o(i.copy_new_command_line)
    cpu_soft_reset                           0x08003551   Thumb Code    32  command.o(i.cpu_soft_reset)
    data_if_stable                           0x08003579   Thumb Code   254  main.o(i.data_if_stable)
    delay_init                               0x08003695   Thumb Code    50  delay.o(i.delay_init)
    delay_ms                                 0x080036d9   Thumb Code    72  delay.o(i.delay_ms)
    delect_average                           0x08003725   Thumb Code    62  app1.o(i.delect_average)
    do_cpu_reset                             0x08003765   Thumb Code    24  command.o(i.do_cpu_reset)
    do_help                                  0x0800378d   Thumb Code   102  command.o(i.do_help)
    do_test                                  0x0800382d   Thumb Code    42  command.o(i.do_test)
    do_version                               0x08003891   Thumb Code    18  command.o(i.do_version)
    f_change                                 0x080038b1   Thumb Code   134  command.o(i.f_change)
    find_cmd                                 0x0800395d   Thumb Code    48  command.o(i.find_cmd)
    flash_get                                0x08003991   Thumb Code   458  main.o(i.flash_get)
    flash_read_bites                         0x08003bb9   Thumb Code    32  flash_test.o(i.flash_read_bites)
    flash_readbites                          0x08003bd9   Thumb Code     6  flash_test.o(i.flash_readbites)
    flash_write_halfword                     0x08003be1   Thumb Code   334  flash_test.o(i.flash_write_halfword)
    flash_write_u16                          0x08003d3d   Thumb Code    52  flash_test.o(i.flash_write_u16)
    fputc                                    0x08003d75   Thumb Code    24  usart.o(i.fputc)
    fuc1                                     0x08003d91   Thumb Code  1820  main.o(i.fuc1)
    fuc_select                               0x080045a5   Thumb Code  1564  main.o(i.fuc_select)
    get_command_line                         0x08004c95   Thumb Code   164  command.o(i.get_command_line)
    gpio_config                              0x08004d55   Thumb Code   656  config_pin.o(i.gpio_config)
    io_board_to_gnd                          0x08004ff9   Thumb Code    54  command.o(i.io_board_to_gnd)
    io_clean                                 0x08005045   Thumb Code    24  command.o(i.io_clean)
    io_led_off_out                           0x08005061   Thumb Code    86  command.o(i.io_led_off_out)
    io_led_on_out                            0x080050d5   Thumb Code   100  command.o(i.io_led_on_out)
    io_low_hig_out_5v                        0x08005155   Thumb Code    58  command.o(i.io_low_hig_out_5v)
    io_low_hig_out_bat1                      0x080051a5   Thumb Code    54  command.o(i.io_low_hig_out_bat1)
    io_low_hig_out_bat2                      0x080051f1   Thumb Code    54  command.o(i.io_low_hig_out_bat2)
    io_low_hig_out_led                       0x0800523d   Thumb Code    58  command.o(i.io_low_hig_out_led)
    io_low_hig_out_rst                       0x0800528d   Thumb Code    58  command.o(i.io_low_hig_out_rst)
    io_low_hig_vcc_bat_link                  0x080052dd   Thumb Code    54  command.o(i.io_low_hig_vcc_bat_link)
    isDecStr                                 0x08005329   Thumb Code    18  command.o(i.isDecStr)
    isHexStr                                 0x0800533b   Thumb Code    42  command.o(i.isHexStr)
    isr_uart                                 0x08005365   Thumb Code   290  command.o(i.isr_uart)
    key_intit                                0x080054a9   Thumb Code   118  key.o(i.key_intit)
    led_i_average                            0x08005525   Thumb Code    86  app1.o(i.led_i_average)
    led_off                                  0x08005585   Thumb Code    80  app1.o(i.led_off)
    light_test                               0x08005601   Thumb Code   746  app1.o(i.light_test)
    mac_MAC                                  0x080059a1   Thumb Code   356  main.o(i.mac_MAC)
    mac_translate                            0x08005b05   Thumb Code    84  main.o(i.mac_translate)
    main                                     0x08005b59   Thumb Code    60  main.o(i.main)
    main_init                                0x08005bb5   Thumb Code   126  main.o(i.main_init)
    parse_line                               0x08005c45   Thumb Code   112  command.o(i.parse_line)
    print_log                                0x08005ce5   Thumb Code    10  command.o(i.print_log)
    printf_system_infortation                0x08005cf5   Thumb Code    46  main.o(i.printf_system_infortation)
    pwm_value                                0x08005db5   Thumb Code    68  app1.o(i.pwm_value)
    r_rtc                                    0x08005e01   Thumb Code   118  command.o(i.r_rtc)
    r_rtc_base                               0x08005ec5   Thumb Code   118  command.o(i.r_rtc_base)
    rtc_judge                                0x08005f89   Thumb Code    56  main.o(i.rtc_judge)
    rtc_read                                 0x08006009   Thumb Code   474  app1.o(i.rtc_read)
    rtc_trance                               0x080061fd   Thumb Code   234  main.o(i.rtc_trance)
    rtc_write                                0x080062f5   Thumb Code   118  main.o(i.rtc_write)
    run_commnad                              0x080063c9   Thumb Code    58  command.o(i.run_commnad)
    select_do                                0x08006415   Thumb Code   478  main.o(i.select_do)
    select_onerow                            0x0800676d   Thumb Code    88  main.o(i.select_onerow)
    str_to_u                                 0x080067c5   Thumb Code   122  command.o(i.str_to_u)
    str_to_value                             0x0800683f   Thumb Code     8  app1.o(i.str_to_value)
    test_bat                                 0x08006849   Thumb Code   260  app1.o(i.test_bat)
    test_charge_i                            0x08006979   Thumb Code   204  app1.o(i.test_charge_i)
    test_danger                              0x08006a99   Thumb Code   190  app1.o(i.test_danger)
    test_fail                                0x08006bd1   Thumb Code   238  app1.o(i.test_fail)
    test_sleep_i                             0x08006d3d   Thumb Code   118  app1.o(i.test_sleep_i)
    test_success                             0x08006dc1   Thumb Code   238  app1.o(i.test_success)
    test_v                                   0x08006f2d   Thumb Code   520  app1.o(i.test_v)
    test_v1                                  0x08007289   Thumb Code   424  app1.o(i.test_v1)
    test_work_i                              0x08007531   Thumb Code   158  app1.o(i.test_work_i)
    th902_r                                  0x0800760d   Thumb Code    40  app1.o(i.th902_r)
    th902_rv                                 0x08007641   Thumb Code   114  command.o(i.th902_rv)
    th902_sleep                              0x08007715   Thumb Code   234  app1.o(i.th902_sleep)
    th902_wv                                 0x08007829   Thumb Code   190  command.o(i.th902_wv)
    timer_run_led                            0x08007919   Thumb Code   134  main.o(i.timer_run_led)
    uart1_init                               0x080079b1   Thumb Code   124  usart.o(i.uart1_init)
    uart2_init                               0x08007a35   Thumb Code   162  usart.o(i.uart2_init)
    uart2_to_gpio                            0x08007ae1   Thumb Code   100  config_pin.o(i.uart2_to_gpio)
    uart_sendstring                          0x08007b4d   Thumb Code    70  stm32f10x_usart.o(i.uart_sendstring)
    version_comper                           0x08007b93   Thumb Code    58  app1.o(i.version_comper)
    w_rtc                                    0x08007bcd   Thumb Code   208  command.o(i.w_rtc)
    w_rtc_base                               0x08007cfd   Thumb Code   210  command.o(i.w_rtc_base)
    waiting                                  0x08007e35   Thumb Code   248  main.o(i.waiting)
    _get_lc_numeric                          0x08007f41   Thumb Code    44  lc_numeric_c.o(locale$$code)
    __aeabi_d2f                              0x08007f6d   Thumb Code     0  d2f.o(x$fpl$d2f)
    _d2f                                     0x08007f6d   Thumb Code    98  d2f.o(x$fpl$d2f)
    __aeabi_dadd                             0x08007fd1   Thumb Code     0  daddsub_clz.o(x$fpl$dadd)
    _dadd                                    0x08007fd1   Thumb Code   332  daddsub_clz.o(x$fpl$dadd)
    __fpl_dcmp_Inf                           0x08008121   Thumb Code    24  dcmpi.o(x$fpl$dcmpinf)
    __aeabi_ddiv                             0x08008139   Thumb Code     0  ddiv.o(x$fpl$ddiv)
    _ddiv                                    0x08008139   Thumb Code   552  ddiv.o(x$fpl$ddiv)
    __aeabi_d2iz                             0x080083e9   Thumb Code     0  dfix.o(x$fpl$dfix)
    _dfix                                    0x080083e9   Thumb Code    94  dfix.o(x$fpl$dfix)
    __aeabi_i2d                              0x08008447   Thumb Code     0  dflt_clz.o(x$fpl$dflt)
    _dflt                                    0x08008447   Thumb Code    46  dflt_clz.o(x$fpl$dflt)
    __aeabi_ui2d                             0x08008475   Thumb Code     0  dflt_clz.o(x$fpl$dfltu)
    _dfltu                                   0x08008475   Thumb Code    38  dflt_clz.o(x$fpl$dfltu)
    __aeabi_cdcmple                          0x0800849d   Thumb Code     0  dleqf.o(x$fpl$dleqf)
    _dcmple                                  0x0800849d   Thumb Code   120  dleqf.o(x$fpl$dleqf)
    __fpl_dcmple_InfNaN                      0x080084ff   Thumb Code     0  dleqf.o(x$fpl$dleqf)
    __aeabi_dmul                             0x08008515   Thumb Code     0  dmul.o(x$fpl$dmul)
    _dmul                                    0x08008515   Thumb Code   332  dmul.o(x$fpl$dmul)
    __fpl_dnaninf                            0x08008669   Thumb Code   156  dnaninf.o(x$fpl$dnaninf)
    __fpl_dretinf                            0x08008705   Thumb Code    12  dretinf.o(x$fpl$dretinf)
    __aeabi_cdrcmple                         0x08008711   Thumb Code     0  drleqf.o(x$fpl$drleqf)
    _drcmple                                 0x08008711   Thumb Code   108  drleqf.o(x$fpl$drleqf)
    __aeabi_drsub                            0x0800877d   Thumb Code     0  daddsub_clz.o(x$fpl$drsb)
    _drsb                                    0x0800877d   Thumb Code    22  daddsub_clz.o(x$fpl$drsb)
    __aeabi_dsub                             0x08008795   Thumb Code     0  daddsub_clz.o(x$fpl$dsub)
    _dsub                                    0x08008795   Thumb Code   464  daddsub_clz.o(x$fpl$dsub)
    __aeabi_f2d                              0x08008969   Thumb Code     0  f2d.o(x$fpl$f2d)
    _f2d                                     0x08008969   Thumb Code    86  f2d.o(x$fpl$f2d)
    __aeabi_fadd                             0x080089c1   Thumb Code     0  faddsub_clz.o(x$fpl$fadd)
    _fadd                                    0x080089c1   Thumb Code   196  faddsub_clz.o(x$fpl$fadd)
    __fpl_fcmp_Inf                           0x08008a85   Thumb Code    24  fcmpi.o(x$fpl$fcmpinf)
    __aeabi_fdiv                             0x08008a9d   Thumb Code     0  fdiv.o(x$fpl$fdiv)
    _fdiv                                    0x08008a9d   Thumb Code   384  fdiv.o(x$fpl$fdiv)
    __aeabi_f2iz                             0x08008c21   Thumb Code     0  ffix.o(x$fpl$ffix)
    _ffix                                    0x08008c21   Thumb Code    54  ffix.o(x$fpl$ffix)
    __aeabi_f2uiz                            0x08008c59   Thumb Code     0  ffixu.o(x$fpl$ffixu)
    _ffixu                                   0x08008c59   Thumb Code    62  ffixu.o(x$fpl$ffixu)
    __aeabi_i2f                              0x08008c99   Thumb Code     0  fflt_clz.o(x$fpl$fflt)
    _fflt                                    0x08008c99   Thumb Code    48  fflt_clz.o(x$fpl$fflt)
    __aeabi_ui2f                             0x08008cc9   Thumb Code     0  fflt_clz.o(x$fpl$ffltu)
    _ffltu                                   0x08008cc9   Thumb Code    38  fflt_clz.o(x$fpl$ffltu)
    __aeabi_cfcmple                          0x08008cf1   Thumb Code     0  fleqf.o(x$fpl$fleqf)
    _fcmple                                  0x08008cf1   Thumb Code   104  fleqf.o(x$fpl$fleqf)
    __fpl_fcmple_InfNaN                      0x08008d43   Thumb Code     0  fleqf.o(x$fpl$fleqf)
    __aeabi_fmul                             0x08008d59   Thumb Code     0  fmul.o(x$fpl$fmul)
    _fmul                                    0x08008d59   Thumb Code   258  fmul.o(x$fpl$fmul)
    __fpl_fnaninf                            0x08008e5b   Thumb Code   140  fnaninf.o(x$fpl$fnaninf)
    __fpl_fretinf                            0x08008ee7   Thumb Code    10  fretinf.o(x$fpl$fretinf)
    __aeabi_cfrcmple                         0x08008ef1   Thumb Code     0  frleqf.o(x$fpl$frleqf)
    _frcmple                                 0x08008ef1   Thumb Code    98  frleqf.o(x$fpl$frleqf)
    __aeabi_frsub                            0x08008f53   Thumb Code     0  faddsub_clz.o(x$fpl$frsb)
    _frsb                                    0x08008f53   Thumb Code    20  faddsub_clz.o(x$fpl$frsb)
    __aeabi_fsub                             0x08008f69   Thumb Code     0  faddsub_clz.o(x$fpl$fsub)
    _fsub                                    0x08008f69   Thumb Code   234  faddsub_clz.o(x$fpl$fsub)
    _printf_fp_dec                           0x08009053   Thumb Code     4  printf1.o(x$fpl$printf1)
    __I$use$fp                               0x08009056   Number         0  usenofp.o(x$fpl$usenofp)
    Region$$Table$$Base                      0x0800984c   Number         0  anon$$obj.o(Region$$Table)
    Region$$Table$$Limit                     0x0800986c   Number         0  anon$$obj.o(Region$$Table)
    SystemCoreClock                          0x20000000   Data           4  system_stm32f10x.o(.data)
    AHBPrescTable                            0x20000004   Data          16  system_stm32f10x.o(.data)
    led_time                                 0x20000028   Data           4  stm32f10x_it.o(.data)
    array_p                                  0x2000002c   Data           4  stm32f10x_it.o(.data)
    flag_5v                                  0x20000030   Data           4  stm32f10x_it.o(.data)
    flag1_5v                                 0x20000034   Data           4  stm32f10x_it.o(.data)
    flag_bat                                 0x20000038   Data           4  stm32f10x_it.o(.data)
    flag1_bat                                0x2000003c   Data           4  stm32f10x_it.o(.data)
    __stdout                                 0x20000044   Data           4  usart.o(.data)
    USART_RX_STA                             0x20000048   Data           2  usart.o(.data)
    usrt_flg                                 0x2000004a   Data           1  usart.o(.data)
    usrt_flg2                                0x2000004b   Data           1  usart.o(.data)
    UART2_Rec_Flag                           0x2000004c   Data           1  usart.o(.data)
    UART2_Rec_Data                           0x2000004d   Data           1  usart.o(.data)
    led_off_flag                             0x2000004e   Data           1  usart.o(.data)
    t_sleep_flag                             0x2000004f   Data           1  usart.o(.data)
    write_data0                              0x20000050   Data          20  flash_test.o(.data)
    flash_status                             0x20000064   Data           1  flash_test.o(.data)
    cmd_index                                0x20000068   Data           1  command.o(.data)
    cmd_length                               0x20000069   Data           1  command.o(.data)
    cmd_index_tbl                            0x2000006c   Data           4  command.o(.data)
    cmd_index_tbl_length                     0x20000070   Data           4  command.o(.data)
    version_string                           0x20000074   Data          30  command.o(.data)
    usart1_buf                               0x20000092   Data           1  command.o(.data)
    usart1_rec_data_flag                     0x20000093   Data           1  command.o(.data)
    adcx                                     0x20000094   Data           2  command.o(.data)
    f_chanle                                 0x20000096   Data           1  command.o(.data)
    cmd_tbl                                  0x20000098   Data         312  command.o(.data)
    work_i_flag                              0x200001d4   Data           1  app1.o(.data)
    sleep_i_flag                             0x200001d5   Data           1  app1.o(.data)
    base_i_flag                              0x200001d6   Data           1  app1.o(.data)
    beep_f                                   0x200001d7   Data           1  app1.o(.data)
    ble_flag                                 0x200001d8   Data           1  app1.o(.data)
    systime_count                            0x200001dc   Data           4  app1.o(.data)
    beep_adc_flag                            0x200001e0   Data           4  app1.o(.data)
    t2finish_flag                            0x200001e4   Data           1  app1.o(.data)
    beep_i_flag                              0x200001e8   Data           4  app1.o(.data)
    t4finish_flag                            0x200001ec   Data           1  app1.o(.data)
    uart_irflag1                             0x200001ed   Data           1  app1.o(.data)
    TS_V                                     0x200001ee   Data           2  app1.o(.data)
    adc_i                                    0x200001f0   Data           4  app1.o(.data)
    bp_i_average                             0x200001f4   Data           4  app1.o(.data)
    STR_TH902                                0x200001f8   Data          72  app1.o(.data)
    STR_SAVE                                 0x20000240   Data          80  app1.o(.data)
    LED_GET                                  0x20000290   Data          20  app1.o(.data)
    beep_i_temp                              0x200002a4   Data           4  app1.o(.data)
    beep_i_average                           0x200002a8   Data           4  app1.o(.data)
    beep_i_sum                               0x200002ac   Data           4  app1.o(.data)
    BUF                                      0x200002b0   Data           8  app1.o(.data)
    dis_data                                 0x200002b8   Data           4  app1.o(.data)
    mcy                                      0x200002bc   Data           4  app1.o(.data)
    bat_v                                    0x200002c0   Data           2  app1.o(.data)
    delay_count                              0x200002c4   Data           4  app1.o(.data)
    delay_led                                0x200002c8   Data           4  app1.o(.data)
    adc_flag                                 0x200002e8   Data           4  main.o(.data)
    t3finish_flag                            0x200002ec   Data           1  main.o(.data)
    uart_irflag                              0x200002ed   Data           1  main.o(.data)
    systime_count1                           0x200002f0   Data           4  main.o(.data)
    main_beep_adc_flag                       0x200002f4   Data           4  main.o(.data)
    main_t2finish_flag                       0x200002f8   Data           1  main.o(.data)
    adc_sum                                  0x20000300   Data           8  main.o(.data)
    t                                        0x20000308   Data           2  main.o(.data)
    j                                        0x2000030c   Data           4  main.o(.data)
    y                                        0x20000310   Data           4  main.o(.data)
    i_worke_average                          0x20000318   Data           4  main.o(.data)
    i_sleep_average                          0x2000031c   Data           4  main.o(.data)
    i_base_average                           0x20000320   Data           4  main.o(.data)
    i_tempt                                  0x20000324   Data           4  main.o(.data)
    STR_COMPRE                               0x20000328   Data          64  main.o(.data)
    th902_rtc_ch                             0x20000368   Data           1  main.o(.data)
    v_number                                 0x20000369   Data           1  main.o(.data)
    rtc_v1                                   0x2000036c   Data           4  main.o(.data)
    rtc_v2                                   0x20000370   Data           4  main.o(.data)
    f_ch                                     0x20000374   Data           4  main.o(.data)
    th902_rtc_save                           0x20000378   Data          20  main.o(.data)
    th902_rtc_save1                          0x2000038c   Data          20  main.o(.data)
    th902_rtc_save2                          0x200003a0   Data          20  main.o(.data)
    th902_rtc_save3                          0x200003b4   Data          20  main.o(.data)
    data_stable_count                        0x200003c8   Data           4  main.o(.data)
    time_stable_begin                        0x200003cc   Data           4  main.o(.data)
    time_stable_end                          0x200003d0   Data           4  main.o(.data)
    data_stable_flag                         0x200003d4   Data           1  main.o(.data)
    time_begin                               0x200003d8   Data           4  main.o(.data)
    time_end                                 0x200003dc   Data           4  main.o(.data)
    str_temp                                 0x200003ec   Data         200  usart.o(.bss)
    cmd_buf                                  0x200004b4   Data         128  command.o(.bss)
    cmd_buf_tbl                              0x20000534   Data         640  command.o(.bss)
    beep_i_open                              0x200007b4   Data         400  app1.o(.bss)
    beep_v_detect                            0x20000944   Data         800  app1.o(.bss)
    charge_i_num                             0x20000c64   Data          20  app1.o(.bss)
    light_i_num                              0x20000c78   Data         320  app1.o(.bss)
    Light_Buf                                0x20000db8   Data          48  app1.o(.bss)
    tempt_save                               0x20000de8   Data          50  main.o(.bss)
    str_ADC                                  0x20000e1a   Data          50  main.o(.bss)
    base_i_num                               0x20000e4c   Data          16  main.o(.bss)
    work_i_num                               0x20000e5c   Data          60  main.o(.bss)
    work_i_temp                              0x20000e98   Data          20  main.o(.bss)
    sleep_i_num                              0x20000eac   Data          28  main.o(.bss)
    th902_v_save                             0x20000ec8   Data          50  main.o(.bss)
    th902_v_temp                             0x20000efa   Data          50  main.o(.bss)
    th902_rtc_save2_temp                     0x20000f2c   Data          20  main.o(.bss)
    th902_rtc_save3_temp                     0x20000f40   Data          20  main.o(.bss)
    mac_get                                  0x20000f54   Data          20  main.o(.bss)
    MAC_get                                  0x20000f68   Data          20  main.o(.bss)
    data_stable_tempt                        0x20000f7c   Data         400  main.o(.bss)
    __libspace_start                         0x2000110c   Data          96  libspace.o(.bss)
    __temporary_stack_top$libspace           0x2000116c   Data           0  libspace.o(.bss)



==============================================================================

Memory Map of the image

  Image Entry point : 0x080000ed

  Load Region LR_IROM1 (Base: 0x08000000, Size: 0x00009c74, Max: 0x00020000, ABSOLUTE, COMPRESSED[0x00009a80])

    Execution Region ER_IROM1 (Base: 0x08000000, Size: 0x00009888, Max: 0x00020000, ABSOLUTE)

    Base Addr    Size         Type   Attr      Idx    E Section Name        Object

    0x08000000   0x000000ec   Data   RO            3    RESET               startup_stm32f10x_md.o
    0x080000ec   0x00000008   Code   RO         4470  * !!!main             c_w.l(__main.o)
    0x080000f4   0x00000034   Code   RO         4762    !!!scatter          c_w.l(__scatter.o)
    0x08000128   0x0000005a   Code   RO         4760    !!dczerorl2         c_w.l(__dczerorl2.o)
    0x08000182   0x00000002   PAD
    0x08000184   0x0000001c   Code   RO         4764    !!handler_zi        c_w.l(__scatter_zi.o)
    0x080001a0   0x00000000   Code   RO         4457    .ARM.Collect$$_printf_percent$$00000000  c_w.l(_printf_percent.o)
    0x080001a0   0x00000006   Code   RO         4456    .ARM.Collect$$_printf_percent$$00000003  c_w.l(_printf_f.o)
    0x080001a6   0x00000006   Code   RO         4455    .ARM.Collect$$_printf_percent$$00000009  c_w.l(_printf_d.o)
    0x080001ac   0x00000006   Code   RO         4452    .ARM.Collect$$_printf_percent$$00000013  c_w.l(_printf_c.o)
    0x080001b2   0x00000006   Code   RO         4453    .ARM.Collect$$_printf_percent$$00000014  c_w.l(_printf_s.o)
    0x080001b8   0x00000004   Code   RO         4543    .ARM.Collect$$_printf_percent$$00000017  c_w.l(_printf_percent_end.o)
    0x080001bc   0x00000002   Code   RO         4637    .ARM.Collect$$libinit$$00000000  c_w.l(libinit.o)
    0x080001be   0x00000000   Code   RO         4639    .ARM.Collect$$libinit$$00000002  c_w.l(libinit2.o)
    0x080001be   0x00000000   Code   RO         4641    .ARM.Collect$$libinit$$00000004  c_w.l(libinit2.o)
    0x080001be   0x00000000   Code   RO         4644    .ARM.Collect$$libinit$$0000000A  c_w.l(libinit2.o)
    0x080001be   0x00000000   Code   RO         4646    .ARM.Collect$$libinit$$0000000C  c_w.l(libinit2.o)
    0x080001be   0x00000000   Code   RO         4648    .ARM.Collect$$libinit$$0000000E  c_w.l(libinit2.o)
    0x080001be   0x00000006   Code   RO         4649    .ARM.Collect$$libinit$$0000000F  c_w.l(libinit2.o)
    0x080001c4   0x00000000   Code   RO         4651    .ARM.Collect$$libinit$$00000011  c_w.l(libinit2.o)
    0x080001c4   0x00000000   Code   RO         4653    .ARM.Collect$$libinit$$00000013  c_w.l(libinit2.o)
    0x080001c4   0x00000000   Code   RO         4655    .ARM.Collect$$libinit$$00000015  c_w.l(libinit2.o)
    0x080001c4   0x0000000a   Code   RO         4656    .ARM.Collect$$libinit$$00000016  c_w.l(libinit2.o)
    0x080001ce   0x00000000   Code   RO         4657    .ARM.Collect$$libinit$$00000017  c_w.l(libinit2.o)
    0x080001ce   0x00000000   Code   RO         4659    .ARM.Collect$$libinit$$00000019  c_w.l(libinit2.o)
    0x080001ce   0x00000000   Code   RO         4661    .ARM.Collect$$libinit$$0000001B  c_w.l(libinit2.o)
    0x080001ce   0x00000000   Code   RO         4663    .ARM.Collect$$libinit$$0000001D  c_w.l(libinit2.o)
    0x080001ce   0x00000000   Code   RO         4665    .ARM.Collect$$libinit$$0000001F  c_w.l(libinit2.o)
    0x080001ce   0x00000000   Code   RO         4667    .ARM.Collect$$libinit$$00000021  c_w.l(libinit2.o)
    0x080001ce   0x00000000   Code   RO         4669    .ARM.Collect$$libinit$$00000023  c_w.l(libinit2.o)
    0x080001ce   0x00000000   Code   RO         4671    .ARM.Collect$$libinit$$00000025  c_w.l(libinit2.o)
    0x080001ce   0x00000000   Code   RO         4675    .ARM.Collect$$libinit$$0000002C  c_w.l(libinit2.o)
    0x080001ce   0x00000000   Code   RO         4677    .ARM.Collect$$libinit$$0000002E  c_w.l(libinit2.o)
    0x080001ce   0x00000000   Code   RO         4679    .ARM.Collect$$libinit$$00000030  c_w.l(libinit2.o)
    0x080001ce   0x00000000   Code   RO         4681    .ARM.Collect$$libinit$$00000032  c_w.l(libinit2.o)
    0x080001ce   0x00000002   Code   RO         4682    .ARM.Collect$$libinit$$00000033  c_w.l(libinit2.o)
    0x080001d0   0x00000002   Code   RO         4710    .ARM.Collect$$libshutdown$$00000000  c_w.l(libshutdown.o)
    0x080001d2   0x00000000   Code   RO         4719    .ARM.Collect$$libshutdown$$00000002  c_w.l(libshutdown2.o)
    0x080001d2   0x00000000   Code   RO         4721    .ARM.Collect$$libshutdown$$00000004  c_w.l(libshutdown2.o)
    0x080001d2   0x00000000   Code   RO         4724    .ARM.Collect$$libshutdown$$00000007  c_w.l(libshutdown2.o)
    0x080001d2   0x00000000   Code   RO         4727    .ARM.Collect$$libshutdown$$0000000A  c_w.l(libshutdown2.o)
    0x080001d2   0x00000000   Code   RO         4729    .ARM.Collect$$libshutdown$$0000000C  c_w.l(libshutdown2.o)
    0x080001d2   0x00000000   Code   RO         4732    .ARM.Collect$$libshutdown$$0000000F  c_w.l(libshutdown2.o)
    0x080001d2   0x00000002   Code   RO         4733    .ARM.Collect$$libshutdown$$00000010  c_w.l(libshutdown2.o)
    0x080001d4   0x00000000   Code   RO         4534    .ARM.Collect$$rtentry$$00000000  c_w.l(__rtentry.o)
    0x080001d4   0x00000000   Code   RO         4560    .ARM.Collect$$rtentry$$00000002  c_w.l(__rtentry2.o)
    0x080001d4   0x00000006   Code   RO         4572    .ARM.Collect$$rtentry$$00000004  c_w.l(__rtentry4.o)
    0x080001da   0x00000000   Code   RO         4562    .ARM.Collect$$rtentry$$00000009  c_w.l(__rtentry2.o)
    0x080001da   0x00000004   Code   RO         4563    .ARM.Collect$$rtentry$$0000000A  c_w.l(__rtentry2.o)
    0x080001de   0x00000000   Code   RO         4565    .ARM.Collect$$rtentry$$0000000C  c_w.l(__rtentry2.o)
    0x080001de   0x00000008   Code   RO         4566    .ARM.Collect$$rtentry$$0000000D  c_w.l(__rtentry2.o)
    0x080001e6   0x00000002   Code   RO         4683    .ARM.Collect$$rtexit$$00000000  c_w.l(rtexit.o)
    0x080001e8   0x00000000   Code   RO         4690    .ARM.Collect$$rtexit$$00000002  c_w.l(rtexit2.o)
    0x080001e8   0x00000004   Code   RO         4691    .ARM.Collect$$rtexit$$00000003  c_w.l(rtexit2.o)
    0x080001ec   0x00000006   Code   RO         4692    .ARM.Collect$$rtexit$$00000004  c_w.l(rtexit2.o)
    0x080001f2   0x00000002   PAD
    0x080001f4   0x00000040   Code   RO            4    .text               startup_stm32f10x_md.o
    0x08000234   0x00000002   Code   RO         4399    .text               c_w.l(use_no_semi_2.o)
    0x08000236   0x00000002   PAD
    0x08000238   0x00000018   Code   RO         4403    .text               c_w.l(noretval__2printf.o)
    0x08000250   0x00000068   Code   RO         4405    .text               c_w.l(__printf.o)
    0x080002b8   0x00000052   Code   RO         4407    .text               c_w.l(_printf_str.o)
    0x0800030a   0x00000002   PAD
    0x0800030c   0x00000078   Code   RO         4409    .text               c_w.l(_printf_dec.o)
    0x08000384   0x0000003e   Code   RO         4458    .text               c_w.l(strlen.o)
    0x080003c2   0x0000008a   Code   RO         4460    .text               c_w.l(rt_memcpy_v6.o)
    0x0800044c   0x00000044   Code   RO         4462    .text               c_w.l(rt_memclr.o)
    0x08000490   0x0000004e   Code   RO         4464    .text               c_w.l(rt_memclr_w.o)
    0x080004de   0x00000002   PAD
    0x080004e0   0x00000080   Code   RO         4466    .text               c_w.l(strcmpv7m.o)
    0x08000560   0x00000006   Code   RO         4468    .text               c_w.l(heapauxi.o)
    0x08000566   0x00000002   Code   RO         4532    .text               c_w.l(use_no_semi.o)
    0x08000568   0x000000b2   Code   RO         4535    .text               c_w.l(_printf_intcommon.o)
    0x0800061a   0x0000041a   Code   RO         4537    .text               c_w.l(_printf_fp_dec.o)
    0x08000a34   0x0000002c   Code   RO         4539    .text               c_w.l(_printf_char.o)
    0x08000a60   0x00000024   Code   RO         4541    .text               c_w.l(_printf_char_file.o)
    0x08000a84   0x00000064   Code   RO         4544    .text               c_w.l(rt_memcpy_w.o)
    0x08000ae8   0x00000008   Code   RO         4577    .text               c_w.l(rt_locale_intlibspace.o)
    0x08000af0   0x0000008a   Code   RO         4579    .text               c_w.l(lludiv10.o)
    0x08000b7a   0x00000002   PAD
    0x08000b7c   0x00000030   Code   RO         4581    .text               c_w.l(_printf_char_common.o)
    0x08000bac   0x00000080   Code   RO         4583    .text               c_w.l(_printf_fp_infnan.o)
    0x08000c2c   0x000000dc   Code   RO         4585    .text               c_w.l(bigflt0.o)
    0x08000d08   0x00000008   Code   RO         4610    .text               c_w.l(ferror.o)
    0x08000d10   0x00000008   Code   RO         4623    .text               c_w.l(libspace.o)
    0x08000d18   0x0000004a   Code   RO         4626    .text               c_w.l(sys_stackheap_outer.o)
    0x08000d62   0x00000012   Code   RO         4630    .text               c_w.l(exit.o)
    0x08000d74   0x0000003e   Code   RO         4588    CL$$btod_d2e        c_w.l(btod.o)
    0x08000db2   0x00000046   Code   RO         4590    CL$$btod_d2e_denorm_low  c_w.l(btod.o)
    0x08000df8   0x00000060   Code   RO         4589    CL$$btod_d2e_norm_op1  c_w.l(btod.o)
    0x08000e58   0x00000338   Code   RO         4598    CL$$btod_div_common  c_w.l(btod.o)
    0x08001190   0x000000c6   Code   RO         4595    CL$$btod_e2e        c_w.l(btod.o)
    0x08001256   0x00000028   Code   RO         4592    CL$$btod_ediv       c_w.l(btod.o)
    0x0800127e   0x00000028   Code   RO         4591    CL$$btod_emul       c_w.l(btod.o)
    0x080012a6   0x00000244   Code   RO         4597    CL$$btod_mult_common  c_w.l(btod.o)
    0x080014ea   0x00000016   Code   RO          183    i.ADC_Cmd           stm32f10x_adc.o
    0x08001500   0x0000005c   Code   RO          185    i.ADC_DeInit        stm32f10x_adc.o
    0x0800155c   0x00000014   Code   RO          191    i.ADC_GetCalibrationStatus  stm32f10x_adc.o
    0x08001570   0x00000008   Code   RO          192    i.ADC_GetConversionValue  stm32f10x_adc.o
    0x08001578   0x00000012   Code   RO          194    i.ADC_GetFlagStatus  stm32f10x_adc.o
    0x0800158a   0x00000014   Code   RO          197    i.ADC_GetResetCalibrationStatus  stm32f10x_adc.o
    0x0800159e   0x00000002   PAD
    0x080015a0   0x00000050   Code   RO          201    i.ADC_Init          stm32f10x_adc.o
    0x080015f0   0x000000b8   Code   RO          205    i.ADC_RegularChannelConfig  stm32f10x_adc.o
    0x080016a8   0x0000000a   Code   RO          206    i.ADC_ResetCalibration  stm32f10x_adc.o
    0x080016b2   0x00000016   Code   RO          208    i.ADC_SoftwareStartConvCmd  stm32f10x_adc.o
    0x080016c8   0x0000000a   Code   RO          210    i.ADC_StartCalibration  stm32f10x_adc.o
    0x080016d2   0x00000046   Code   RO         4077    i.A_to_B            app1.o
    0x08001718   0x000000e4   Code   RO         3242    i.Adc_Init          adc.o
    0x080017fc   0x00000004   Code   RO         3308    i.BusFault_Handler  stm32f10x_it.o
    0x08001800   0x00000002   Code   RO         3309    i.DebugMon_Handler  stm32f10x_it.o
    0x08001802   0x00000002   PAD
    0x08001804   0x000000a4   Code   RO         3310    i.EXTI9_5_IRQHandler  stm32f10x_it.o
    0x080018a8   0x0000000c   Code   RO          939    i.EXTI_ClearITPendingBit  stm32f10x_exti.o
    0x080018b4   0x00000028   Code   RO          943    i.EXTI_GetITStatus  stm32f10x_exti.o
    0x080018dc   0x00000094   Code   RO          944    i.EXTI_Init         stm32f10x_exti.o
    0x08001970   0x0000000c   Code   RO          992    i.FLASH_ClearFlag   stm32f10x_flash.o
    0x0800197c   0x0000004c   Code   RO          997    i.FLASH_ErasePage   stm32f10x_flash.o
    0x080019c8   0x00000034   Code   RO          998    i.FLASH_GetBank1Status  stm32f10x_flash.o
    0x080019fc   0x00000014   Code   RO         1007    i.FLASH_Lock        stm32f10x_flash.o
    0x08001a10   0x00000040   Code   RO         1010    i.FLASH_ProgramHalfWord  stm32f10x_flash.o
    0x08001a50   0x00000018   Code   RO         1015    i.FLASH_Unlock      stm32f10x_flash.o
    0x08001a68   0x00000026   Code   RO         1019    i.FLASH_WaitForLastOperation  stm32f10x_flash.o
    0x08001a8e   0x00000002   PAD
    0x08001a90   0x00000040   Code   RO         1289    i.GPIO_EXTILineConfig  stm32f10x_gpio.o
    0x08001ad0   0x00000116   Code   RO         1292    i.GPIO_Init         stm32f10x_gpio.o
    0x08001be6   0x00000002   PAD
    0x08001be8   0x00000090   Code   RO         1294    i.GPIO_PinRemapConfig  stm32f10x_gpio.o
    0x08001c78   0x00000004   Code   RO         1299    i.GPIO_ResetBits    stm32f10x_gpio.o
    0x08001c7c   0x00000004   Code   RO         1300    i.GPIO_SetBits      stm32f10x_gpio.o
    0x08001c80   0x00000034   Code   RO         3243    i.Get_Adc           adc.o
    0x08001cb4   0x00000034   Code   RO         3244    i.Get_Adc2          adc.o
    0x08001ce8   0x00000046   Code   RO         3246    i.Get_Adc_Average2  adc.o
    0x08001d2e   0x00000046   Code   RO         3247    i.Get_Adc_Average3  adc.o
    0x08001d74   0x00000004   Code   RO         3311    i.HardFault_Handler  stm32f10x_it.o
    0x08001d78   0x00000004   Code   RO         3312    i.MemManage_Handler  stm32f10x_it.o
    0x08001d7c   0x00000002   Code   RO         3313    i.NMI_Handler       stm32f10x_it.o
    0x08001d7e   0x00000002   PAD
    0x08001d80   0x00000070   Code   RO          137    i.NVIC_Init         misc.o
    0x08001df0   0x00000014   Code   RO          138    i.NVIC_PriorityGroupConfig  misc.o
    0x08001e04   0x00000024   Code   RO         4078    i.NVIC_SystemReset  app1.o
    0x08001e28   0x00000002   Code   RO         3314    i.PendSV_Handler    stm32f10x_it.o
    0x08001e2a   0x00000002   PAD
    0x08001e2c   0x00000018   Code   RO         1706    i.RCC_ADCCLKConfig  stm32f10x_rcc.o
    0x08001e44   0x00000020   Code   RO         1708    i.RCC_APB1PeriphClockCmd  stm32f10x_rcc.o
    0x08001e64   0x00000020   Code   RO         1709    i.RCC_APB1PeriphResetCmd  stm32f10x_rcc.o
    0x08001e84   0x00000020   Code   RO         1710    i.RCC_APB2PeriphClockCmd  stm32f10x_rcc.o
    0x08001ea4   0x00000020   Code   RO         1711    i.RCC_APB2PeriphResetCmd  stm32f10x_rcc.o
    0x08001ec4   0x000000d4   Code   RO         1718    i.RCC_GetClocksFreq  stm32f10x_rcc.o
    0x08001f98   0x00000002   Code   RO         3315    i.SVC_Handler       stm32f10x_it.o
    0x08001f9a   0x00000008   Code   RO           10    i.SetSysClock       system_stm32f10x.o
    0x08001fa2   0x00000002   PAD
    0x08001fa4   0x000000e0   Code   RO           11    i.SetSysClockTo72   system_stm32f10x.o
    0x08002084   0x00000028   Code   RO          141    i.SysTick_CLKSourceConfig  misc.o
    0x080020ac   0x00000002   Code   RO         3316    i.SysTick_Handler   stm32f10x_it.o
    0x080020ae   0x00000002   PAD
    0x080020b0   0x00000060   Code   RO           13    i.SystemInit        system_stm32f10x.o
    0x08002110   0x0000006c   Code   RO         3409    i.TIM1_Int_Init     timer.o
    0x0800217c   0x00000088   Code   RO         3317    i.TIM1_UP_IRQHandler  stm32f10x_it.o
    0x08002204   0x00000064   Code   RO         3318    i.TIM2_IRQHandler   stm32f10x_it.o
    0x08002268   0x0000005e   Code   RO         3410    i.TIM2_Int_Init     timer.o
    0x080022c6   0x00000002   PAD
    0x080022c8   0x00000044   Code   RO         3319    i.TIM3_IRQHandler   stm32f10x_it.o
    0x0800230c   0x00000060   Code   RO         3411    i.TIM3_Int_Init     timer.o
    0x0800236c   0x00000044   Code   RO         3320    i.TIM4_IRQHandler   stm32f10x_it.o
    0x080023b0   0x00000060   Code   RO         3412    i.TIM4_Int_Init     timer.o
    0x08002410   0x00000006   Code   RO         2336    i.TIM_ClearFlag     stm32f10x_tim.o
    0x08002416   0x00000006   Code   RO         2337    i.TIM_ClearITPendingBit  stm32f10x_tim.o
    0x0800241c   0x00000018   Code   RO         2342    i.TIM_Cmd           stm32f10x_tim.o
    0x08002434   0x000001e8   Code   RO         2347    i.TIM_DeInit        stm32f10x_tim.o
    0x0800261c   0x00000022   Code   RO         2363    i.TIM_GetITStatus   stm32f10x_tim.o
    0x0800263e   0x00000012   Code   RO         2367    i.TIM_ITConfig      stm32f10x_tim.o
    0x08002650   0x000000a4   Code   RO         2413    i.TIM_TimeBaseInit  stm32f10x_tim.o
    0x080026f4   0x00000020   Code   RO         3733    i.USART1_REC_DATA   command.o
    0x08002714   0x000000f8   Code   RO         3483    i.USART2_IRQHandler  usart.o
    0x0800280c   0x0000001e   Code   RO         2875    i.USART_ClearITPendingBit  stm32f10x_usart.o
    0x0800282a   0x00000018   Code   RO         2878    i.USART_Cmd         stm32f10x_usart.o
    0x08002842   0x0000001a   Code   RO         2881    i.USART_GetFlagStatus  stm32f10x_usart.o
    0x0800285c   0x00000054   Code   RO         2882    i.USART_GetITStatus  stm32f10x_usart.o
    0x080028b0   0x0000004a   Code   RO         2884    i.USART_ITConfig    stm32f10x_usart.o
    0x080028fa   0x00000002   PAD
    0x080028fc   0x000000d8   Code   RO         2885    i.USART_Init        stm32f10x_usart.o
    0x080029d4   0x0000000a   Code   RO         2892    i.USART_ReceiveData  stm32f10x_usart.o
    0x080029de   0x00000008   Code   RO         2895    i.USART_SendData    stm32f10x_usart.o
    0x080029e6   0x00000004   Code   RO         3321    i.UsageFault_Handler  stm32f10x_it.o
    0x080029ea   0x0000003e   Code   RO         2903    i.Usart_SendString  stm32f10x_usart.o
    0x08002a28   0x00000028   Code   RO         4621    i.__ARM_fpclassify  m_ws.l(fpclassify.o)
    0x08002a50   0x00000006   Code   RO         3734    i.__set_PRIMASK     command.o
    0x08002a56   0x00000004   Code   RO         3484    i._sys_exit         usart.o
    0x08002a5a   0x0000002e   Code   RO         4265    i.a_A               main.o
    0x08002a88   0x00000020   Code   RO         3249    i.adc_i_value1      adc.o
    0x08002aa8   0x00000018   Code   RO         3250    i.adc_value         adc.o
    0x08002ac0   0x00000210   Code   RO         4266    i.aly_time          main.o
    0x08002cd0   0x0000005c   Code   RO         4079    i.array_sort        app1.o
    0x08002d2c   0x0000002c   Code   RO         4080    i.base_i            app1.o
    0x08002d58   0x000003fc   Code   RO         4081    i.beep_test         app1.o
    0x08003154   0x0000006c   Code   RO         3735    i.check_5v          command.o
    0x080031c0   0x0000006c   Code   RO         3736    i.check_b_vbat      command.o
    0x0800322c   0x00000040   Code   RO         3737    i.check_uart_data   command.o
    0x0800326c   0x00000074   Code   RO         3738    i.check_v33         command.o
    0x080032e0   0x0000006c   Code   RO         3739    i.check_vbat        command.o
    0x0800334c   0x0000006c   Code   RO         3740    i.check_vdd         command.o
    0x080033b8   0x0000001c   Code   RO         3741    i.clean_command_line  command.o
    0x080033d4   0x00000034   Code   RO         3742    i.clean_cursor_word  command.o
    0x08003408   0x00000020   Code   RO         3131    i.close_all_led     led.o
    0x08003428   0x00000078   Code   RO         4082    i.compar_str        app1.o
    0x080034a0   0x00000078   Code   RO         4083    i.compar_str_led    app1.o
    0x08003518   0x00000038   Code   RO         3743    i.copy_new_command_line  command.o
    0x08003550   0x00000028   Code   RO         3744    i.cpu_soft_reset    command.o
    0x08003578   0x0000011c   Code   RO         4267    i.data_if_stable    main.o
    0x08003694   0x00000044   Code   RO         3439    i.delay_init        delay.o
    0x080036d8   0x0000004c   Code   RO         3440    i.delay_ms          delay.o
    0x08003724   0x0000003e   Code   RO         4084    i.delect_average    app1.o
    0x08003762   0x00000002   PAD
    0x08003764   0x00000028   Code   RO         3745    i.do_cpu_reset      command.o
    0x0800378c   0x000000a0   Code   RO         3746    i.do_help           command.o
    0x0800382c   0x00000064   Code   RO         3747    i.do_test           command.o
    0x08003890   0x00000020   Code   RO         3748    i.do_version        command.o
    0x080038b0   0x000000ac   Code   RO         3749    i.f_change          command.o
    0x0800395c   0x00000034   Code   RO         3750    i.find_cmd          command.o
    0x08003990   0x00000228   Code   RO         4268    i.flash_get         main.o
    0x08003bb8   0x00000020   Code   RO         3655    i.flash_read_bites  flash_test.o
    0x08003bd8   0x00000006   Code   RO         3658    i.flash_readbites   flash_test.o
    0x08003bde   0x00000002   PAD
    0x08003be0   0x0000015c   Code   RO         3662    i.flash_write_halfword  flash_test.o
    0x08003d3c   0x00000038   Code   RO         3663    i.flash_write_u16   flash_test.o
    0x08003d74   0x0000001c   Code   RO         3485    i.fputc             usart.o
    0x08003d90   0x00000814   Code   RO         4269    i.fuc1              main.o
    0x080045a4   0x000006f0   Code   RO         4270    i.fuc_select        main.o
    0x08004c94   0x000000c0   Code   RO         3751    i.get_command_line  command.o
    0x08004d54   0x000002a4   Code   RO         3165    i.gpio_config       config_pin.o
    0x08004ff8   0x0000004c   Code   RO         3752    i.io_board_to_gnd   command.o
    0x08005044   0x0000001c   Code   RO         3753    i.io_clean          command.o
    0x08005060   0x00000074   Code   RO         3756    i.io_led_off_out    command.o
    0x080050d4   0x00000080   Code   RO         3757    i.io_led_on_out     command.o
    0x08005154   0x00000050   Code   RO         3760    i.io_low_hig_out_5v  command.o
    0x080051a4   0x0000004c   Code   RO         3761    i.io_low_hig_out_bat1  command.o
    0x080051f0   0x0000004c   Code   RO         3762    i.io_low_hig_out_bat2  command.o
    0x0800523c   0x00000050   Code   RO         3763    i.io_low_hig_out_led  command.o
    0x0800528c   0x00000050   Code   RO         3764    i.io_low_hig_out_rst  command.o
    0x080052dc   0x0000004c   Code   RO         3765    i.io_low_hig_vcc_bat_link  command.o
    0x08005328   0x00000012   Code   RO         3767    i.isDecStr          command.o
    0x0800533a   0x0000002a   Code   RO         3768    i.isHexStr          command.o
    0x08005364   0x00000144   Code   RO         3769    i.isr_uart          command.o
    0x080054a8   0x0000007c   Code   RO         3184    i.key_intit         key.o
    0x08005524   0x00000060   Code   RO         4085    i.led_i_average     app1.o
    0x08005584   0x0000007c   Code   RO         4086    i.led_off           app1.o
    0x08005600   0x000003a0   Code   RO         4087    i.light_test        app1.o
    0x080059a0   0x00000164   Code   RO         4271    i.mac_MAC           main.o
    0x08005b04   0x00000054   Code   RO         4272    i.mac_translate     main.o
    0x08005b58   0x0000005c   Code   RO         4273    i.main              main.o
    0x08005bb4   0x00000090   Code   RO         4274    i.main_init         main.o
    0x08005c44   0x000000a0   Code   RO         3770    i.parse_line        command.o
    0x08005ce4   0x00000010   Code   RO         3771    i.print_log         command.o
    0x08005cf4   0x000000c0   Code   RO         4275    i.printf_system_infortation  main.o
    0x08005db4   0x0000004c   Code   RO         4089    i.pwm_value         app1.o
    0x08005e00   0x000000c4   Code   RO         3774    i.r_rtc             command.o
    0x08005ec4   0x000000c4   Code   RO         3775    i.r_rtc_base        command.o
    0x08005f88   0x00000080   Code   RO         4276    i.rtc_judge         main.o
    0x08006008   0x000001f4   Code   RO         4090    i.rtc_read          app1.o
    0x080061fc   0x000000f8   Code   RO         4277    i.rtc_trance        main.o
    0x080062f4   0x000000d4   Code   RO         4278    i.rtc_write         main.o
    0x080063c8   0x0000004c   Code   RO         3776    i.run_commnad       command.o
    0x08006414   0x00000358   Code   RO         4279    i.select_do         main.o
    0x0800676c   0x00000058   Code   RO         4280    i.select_onerow     main.o
    0x080067c4   0x0000007a   Code   RO         3780    i.str_to_u          command.o
    0x0800683e   0x00000008   Code   RO         4091    i.str_to_value      app1.o
    0x08006846   0x00000002   PAD
    0x08006848   0x00000130   Code   RO         4092    i.test_bat          app1.o
    0x08006978   0x00000120   Code   RO         4093    i.test_charge_i     app1.o
    0x08006a98   0x00000138   Code   RO         4094    i.test_danger       app1.o
    0x08006bd0   0x0000016c   Code   RO         4095    i.test_fail         app1.o
    0x08006d3c   0x00000084   Code   RO         4096    i.test_sleep_i      app1.o
    0x08006dc0   0x0000016c   Code   RO         4097    i.test_success      app1.o
    0x08006f2c   0x0000035c   Code   RO         4098    i.test_v            app1.o
    0x08007288   0x000002a8   Code   RO         4099    i.test_v1           app1.o
    0x08007530   0x000000dc   Code   RO         4100    i.test_work_i       app1.o
    0x0800760c   0x00000034   Code   RO         4101    i.th902_r           app1.o
    0x08007640   0x000000d4   Code   RO         3781    i.th902_rv          command.o
    0x08007714   0x00000114   Code   RO         4102    i.th902_sleep       app1.o
    0x08007828   0x000000f0   Code   RO         3782    i.th902_wv          command.o
    0x08007918   0x00000098   Code   RO         4281    i.timer_run_led     main.o
    0x080079b0   0x00000084   Code   RO         3486    i.uart1_init        usart.o
    0x08007a34   0x000000ac   Code   RO         3487    i.uart2_init        usart.o
    0x08007ae0   0x0000006c   Code   RO         3166    i.uart2_to_gpio     config_pin.o
    0x08007b4c   0x00000046   Code   RO         2904    i.uart_sendstring   stm32f10x_usart.o
    0x08007b92   0x0000003a   Code   RO         4103    i.version_comper    app1.o
    0x08007bcc   0x00000130   Code   RO         3784    i.w_rtc             command.o
    0x08007cfc   0x00000138   Code   RO         3785    i.w_rtc_base        command.o
    0x08007e34   0x0000010c   Code   RO         4282    i.waiting           main.o
    0x08007f40   0x0000002c   Code   RO         4615    locale$$code        c_w.l(lc_numeric_c.o)
    0x08007f6c   0x00000062   Code   RO         4472    x$fpl$d2f           fz_ws.l(d2f.o)
    0x08007fce   0x00000002   PAD
    0x08007fd0   0x00000150   Code   RO         4474    x$fpl$dadd          fz_ws.l(daddsub_clz.o)
    0x08008120   0x00000018   Code   RO         4617    x$fpl$dcmpinf       fz_ws.l(dcmpi.o)
    0x08008138   0x000002b0   Code   RO         4481    x$fpl$ddiv          fz_ws.l(ddiv.o)
    0x080083e8   0x0000005e   Code   RO         4484    x$fpl$dfix          fz_ws.l(dfix.o)
    0x08008446   0x0000002e   Code   RO         4489    x$fpl$dflt          fz_ws.l(dflt_clz.o)
    0x08008474   0x00000026   Code   RO         4488    x$fpl$dfltu         fz_ws.l(dflt_clz.o)
    0x0800849a   0x00000002   PAD
    0x0800849c   0x00000078   Code   RO         4546    x$fpl$dleqf         fz_ws.l(dleqf.o)
    0x08008514   0x00000154   Code   RO         4494    x$fpl$dmul          fz_ws.l(dmul.o)
    0x08008668   0x0000009c   Code   RO         4548    x$fpl$dnaninf       fz_ws.l(dnaninf.o)
    0x08008704   0x0000000c   Code   RO         4550    x$fpl$dretinf       fz_ws.l(dretinf.o)
    0x08008710   0x0000006c   Code   RO         4496    x$fpl$drleqf        fz_ws.l(drleqf.o)
    0x0800877c   0x00000016   Code   RO         4475    x$fpl$drsb          fz_ws.l(daddsub_clz.o)
    0x08008792   0x00000002   PAD
    0x08008794   0x000001d4   Code   RO         4476    x$fpl$dsub          fz_ws.l(daddsub_clz.o)
    0x08008968   0x00000056   Code   RO         4498    x$fpl$f2d           fz_ws.l(f2d.o)
    0x080089be   0x00000002   PAD
    0x080089c0   0x000000c4   Code   RO         4500    x$fpl$fadd          fz_ws.l(faddsub_clz.o)
    0x08008a84   0x00000018   Code   RO         4552    x$fpl$fcmpinf       fz_ws.l(fcmpi.o)
    0x08008a9c   0x00000184   Code   RO         4507    x$fpl$fdiv          fz_ws.l(fdiv.o)
    0x08008c20   0x00000036   Code   RO         4510    x$fpl$ffix          fz_ws.l(ffix.o)
    0x08008c56   0x00000002   PAD
    0x08008c58   0x0000003e   Code   RO         4514    x$fpl$ffixu         fz_ws.l(ffixu.o)
    0x08008c96   0x00000002   PAD
    0x08008c98   0x00000030   Code   RO         4519    x$fpl$fflt          fz_ws.l(fflt_clz.o)
    0x08008cc8   0x00000026   Code   RO         4518    x$fpl$ffltu         fz_ws.l(fflt_clz.o)
    0x08008cee   0x00000002   PAD
    0x08008cf0   0x00000068   Code   RO         4524    x$fpl$fleqf         fz_ws.l(fleqf.o)
    0x08008d58   0x00000102   Code   RO         4526    x$fpl$fmul          fz_ws.l(fmul.o)
    0x08008e5a   0x0000008c   Code   RO         4554    x$fpl$fnaninf       fz_ws.l(fnaninf.o)
    0x08008ee6   0x0000000a   Code   RO         4556    x$fpl$fretinf       fz_ws.l(fretinf.o)
    0x08008ef0   0x00000062   Code   RO         4528    x$fpl$frleqf        fz_ws.l(frleqf.o)
    0x08008f52   0x00000014   Code   RO         4501    x$fpl$frsb          fz_ws.l(faddsub_clz.o)
    0x08008f66   0x00000002   PAD
    0x08008f68   0x000000ea   Code   RO         4502    x$fpl$fsub          fz_ws.l(faddsub_clz.o)
    0x08009052   0x00000004   Code   RO         4530    x$fpl$printf1       fz_ws.l(printf1.o)
    0x08009056   0x00000000   Code   RO         4558    x$fpl$usenofp       fz_ws.l(usenofp.o)
    0x08009056   0x00000002   PAD
    0x08009058   0x00000094   Data   RO         4586    .constdata          c_w.l(bigflt0.o)
    0x080090ec   0x000003e1   Data   RO         3788    .conststring        command.o
    0x080094cd   0x00000003   PAD
    0x080094d0   0x000002ab   Data   RO         4105    .conststring        app1.o
    0x0800977b   0x00000001   PAD
    0x0800977c   0x000000d0   Data   RO         4284    .conststring        main.o
    0x0800984c   0x00000020   Data   RO         4758    Region$$Table       anon$$obj.o
    0x0800986c   0x0000001c   Data   RO         4614    locale$$data        c_w.l(lc_numeric_c.o)


    Execution Region RW_IRAM1 (Base: 0x20000000, Size: 0x00001770, Max: 0x00005000, ABSOLUTE, COMPRESSED[0x000001f8])

    Base Addr    Size         Type   Attr      Idx    E Section Name        Object

    0x20000000   0x00000014   Data   RW           14    .data               system_stm32f10x.o
    0x20000014   0x00000014   Data   RW         1738    .data               stm32f10x_rcc.o
    0x20000028   0x00000018   Data   RW         3323    .data               stm32f10x_it.o
    0x20000040   0x00000004   Data   RW         3442    .data               delay.o
    0x20000044   0x0000000c   Data   RW         3489    .data               usart.o
    0x20000050   0x00000015   Data   RW         3666    .data               flash_test.o
    0x20000065   0x00000003   PAD
    0x20000068   0x00000169   Data   RW         3789    .data               command.o
    0x200001d1   0x00000003   PAD
    0x200001d4   0x00000114   Data   RW         4106    .data               app1.o
    0x200002e8   0x00000104   Data   RW         4285    .data               main.o
    0x200003ec   0x000000c8   Zero   RW         3488    .bss                usart.o
    0x200004b4   0x00000300   Zero   RW         3787    .bss                command.o
    0x200007b4   0x00000634   Zero   RW         4104    .bss                app1.o
    0x20000de8   0x00000324   Zero   RW         4283    .bss                main.o
    0x2000110c   0x00000060   Zero   RW         4624    .bss                c_w.l(libspace.o)
    0x2000116c   0x00000004   PAD
    0x20001170   0x00000200   Zero   RW            2    HEAP                startup_stm32f10x_md.o
    0x20001370   0x00000400   Zero   RW            1    STACK               startup_stm32f10x_md.o


==============================================================================

Image component sizes


      Code (inc. data)   RO Data    RW Data    ZI Data      Debug   Object Name

       528         32          0          0          0       4069   adc.o
      7206       1718        683        276       1588      35506   app1.o
      4608       1262        993        361        768      45381   command.o
       784         28          0          0          0       1454   config_pin.o
       144         22          0          4          0       1188   delay.o
       442         18          0         21          0       3954   flash_test.o
       124          6          0          0          0        604   key.o
        32         14          0          0          0        436   led.o
      8074       2078        208        260        804      15920   main.o
       172         22          0          0          0       2033   misc.o
        64         26        236          0       1536        840   startup_stm32f10x_md.o
       486         24          0          0          0       8546   stm32f10x_adc.o
       200         18          0          0          0       2092   stm32f10x_exti.o
       286         36          0          0          0       3904   stm32f10x_flash.o
       494         10          0          0          0       4452   stm32f10x_gpio.o
       562         82          0         24          0       8232   stm32f10x_it.o
       364         50          0         20          0       6087   stm32f10x_rcc.o
       740        106          0          0          0       4835   stm32f10x_tim.o
       604          6          0          0          0       8176   stm32f10x_usart.o
       328         28          0         20          0     271873   system_stm32f10x.o
       394         16          0          0          0       2636   timer.o
       584         50          0         12        200       5113   usart.o

    ----------------------------------------------------------------------
     27246       5652       2156       1004       4896     437331   Object Totals
         0          0         32          0          0          0   (incl. Generated)
        26          0          4          6          0          0   (incl. Padding)

    ----------------------------------------------------------------------

      Code (inc. data)   RO Data    RW Data    ZI Data      Debug   Library Member Name

        90          0          0          0          0          0   __dczerorl2.o
         8          0          0          0          0         68   __main.o
       104          0          0          0          0         84   __printf.o
         0          0          0          0          0          0   __rtentry.o
        12          0          0          0          0          0   __rtentry2.o
         6          0          0          0          0          0   __rtentry4.o
        52          8          0          0          0          0   __scatter.o
        28          0          0          0          0          0   __scatter_zi.o
         6          0          0          0          0          0   _printf_c.o
        44          0          0          0          0        108   _printf_char.o
        48          6          0          0          0         96   _printf_char_common.o
        36          4          0          0          0         80   _printf_char_file.o
         6          0          0          0          0          0   _printf_d.o
       120         16          0          0          0         92   _printf_dec.o
         6          0          0          0          0          0   _printf_f.o
      1050          0          0          0          0        216   _printf_fp_dec.o
       128         16          0          0          0         84   _printf_fp_infnan.o
       178          0          0          0          0         88   _printf_intcommon.o
         0          0          0          0          0          0   _printf_percent.o
         4          0          0          0          0          0   _printf_percent_end.o
         6          0          0          0          0          0   _printf_s.o
        82          0          0          0          0         80   _printf_str.o
       220          4        148          0          0         96   bigflt0.o
      1910        128          0          0          0        672   btod.o
        18          0          0          0          0         80   exit.o
         8          0          0          0          0         68   ferror.o
         6          0          0          0          0        152   heapauxi.o
        44         10         28          0          0         76   lc_numeric_c.o
         2          0          0          0          0          0   libinit.o
        18          0          0          0          0          0   libinit2.o
         2          0          0          0          0          0   libshutdown.o
         2          0          0          0          0          0   libshutdown2.o
         8          4          0          0         96         68   libspace.o
       138          0          0          0          0         80   lludiv10.o
        24          4          0          0          0         84   noretval__2printf.o
         8          4          0          0          0         68   rt_locale_intlibspace.o
        68          0          0          0          0         68   rt_memclr.o
        78          0          0          0          0         80   rt_memclr_w.o
       138          0          0          0          0         68   rt_memcpy_v6.o
       100          0          0          0          0         80   rt_memcpy_w.o
         2          0          0          0          0          0   rtexit.o
        10          0          0          0          0          0   rtexit2.o
       128          0          0          0          0         68   strcmpv7m.o
        62          0          0          0          0         76   strlen.o
        74          0          0          0          0         80   sys_stackheap_outer.o
         2          0          0          0          0         68   use_no_semi.o
         2          0          0          0          0         68   use_no_semi_2.o
        98          4          0          0          0         92   d2f.o
       826         16          0          0          0        348   daddsub_clz.o
        24          0          0          0          0         68   dcmpi.o
       688        140          0          0          0        208   ddiv.o
        94          4          0          0          0         92   dfix.o
        84          0          0          0          0        136   dflt_clz.o
       120          4          0          0          0         92   dleqf.o
       340         12          0          0          0        104   dmul.o
       156          4          0          0          0         92   dnaninf.o
        12          0          0          0          0         68   dretinf.o
       108          0          0          0          0         80   drleqf.o
        86          4          0          0          0         84   f2d.o
       450          8          0          0          0        236   faddsub_clz.o
        24          0          0          0          0         68   fcmpi.o
       388         76          0          0          0         96   fdiv.o
        54          4          0          0          0         84   ffix.o
        62          4          0          0          0         84   ffixu.o
        86          0          0          0          0        136   fflt_clz.o
       104          4          0          0          0         84   fleqf.o
       258          4          0          0          0         84   fmul.o
       140          4          0          0          0         84   fnaninf.o
        10          0          0          0          0         68   fretinf.o
        98          0          0          0          0         68   frleqf.o
         4          0          0          0          0         68   printf1.o
         0          0          0          0          0          0   usenofp.o
        40          0          0          0          0         68   fpclassify.o

    ----------------------------------------------------------------------
      9470        496        176          0        100       5788   Library Totals
        30          0          0          0          4          0   (incl. Padding)

    ----------------------------------------------------------------------

      Code (inc. data)   RO Data    RW Data    ZI Data      Debug   Library Name

      5086        204        176          0         96       3096   c_w.l
      4314        292          0          0          0       2624   fz_ws.l
        40          0          0          0          0         68   m_ws.l

    ----------------------------------------------------------------------
      9470        496        176          0        100       5788   Library Totals

    ----------------------------------------------------------------------

==============================================================================


      Code (inc. data)   RO Data    RW Data    ZI Data      Debug   

     36716       6148       2332       1004       4996     430635   Grand Totals
     36716       6148       2332        504       4996     430635   ELF Image Totals (compressed)
     36716       6148       2332        504          0          0   ROM Totals

==============================================================================

    Total RO  Size (Code + RO Data)                39048 (  38.13kB)
    Total RW  Size (RW Data + ZI Data)              6000 (   5.86kB)
    Total ROM Size (Code + RO Data + RW Data)      39552 (  38.63kB)

==============================================================================

